Component: ARM Compiler 5.06 update 3 (build 300) Tool: armlink [4d35c9]

==============================================================================

Section Cross References

    startup_mkl27z644.o(RESET) refers to startup_mkl27z644.o(.text) for Reset_Handler
    startup_mkl27z644.o(RESET) refers to osa1.o(i.SysTick_Handler) for SysTick_Handler
    startup_mkl27z644.o(RESET) refers to events.o(i.ADC0_IRQHandler) for ADC0_IRQHandler
    startup_mkl27z644.o(RESET) refers to events.o(i.TPM0_IRQHandler) for TPM0_IRQHandler
    startup_mkl27z644.o(RESET) refers to events.o(i.TPM1_IRQHandler) for TPM1_IRQHandler
    startup_mkl27z644.o(RESET) refers to events.o(i.TPM2_IRQHandler) for TPM2_IRQHandler
    startup_mkl27z644.o(RESET) refers to events.o(i.PORTBCDE_IRQHandler) for PORTBCDE_IRQHandler
    startup_mkl27z644.o(.text) refers to startup_mkl27z644.o(FlashConfig) for FlashConfig
    startup_mkl27z644.o(.text) refers to system_mkl27z644.o(i.SystemInit) for SystemInit
    startup_mkl27z644.o(.text) refers to startup.o(i.init_data_bss) for init_data_bss
    startup_mkl27z644.o(.text) refers to entry.o(.ARM.Collect$$$$00000000) for __main
    cpu.o(i.Components_Init) refers to cpu.o(i.NVIC_SetPriority) for NVIC_SetPriority
    cpu.o(i.Components_Init) refers to fsl_tpm_driver.o(i.TPM_DRV_Init) for TPM_DRV_Init
    cpu.o(i.Components_Init) refers to fsl_tpm_driver.o(i.TPM_DRV_SetClock) for TPM_DRV_SetClock
    cpu.o(i.Components_Init) refers to fsl_tpm_driver.o(i.TPM_DRV_CounterStart) for TPM_DRV_CounterStart
    cpu.o(i.Components_Init) refers to fsl_tpm_driver.o(i.TPM_DRV_PwmStart) for TPM_DRV_PwmStart
    cpu.o(i.Components_Init) refers to fsl_tpm_driver.o(i.TPM_DRV_InputCaptureEnable) for TPM_DRV_InputCaptureEnable
    cpu.o(i.Components_Init) refers to fsl_adc16_driver.o(i.ADC16_DRV_Init) for ADC16_DRV_Init
    cpu.o(i.Components_Init) refers to fsl_adc16_driver.o(i.ADC16_DRV_ConfigConvChn) for ADC16_DRV_ConfigConvChn
    cpu.o(i.Components_Init) refers to fsl_gpio_driver.o(i.GPIO_DRV_Init) for GPIO_DRV_Init
    cpu.o(i.Components_Init) refers to tpmtmr1.o(.constdata) for tpmTmr1_InitConfig0
    cpu.o(i.Components_Init) refers to tpmtmr2.o(.constdata) for tpmTmr2_InitConfig0
    cpu.o(i.Components_Init) refers to tpmtmr2.o(.data) for tpmTmr2_ChnConfig0
    cpu.o(i.Components_Init) refers to tpmtmr3.o(.constdata) for tpmTmr3_InitConfig0
    cpu.o(i.Components_Init) refers to adconv1.o(.constdata) for adConv1_InitConfig0
    cpu.o(i.Components_Init) refers to gpio4.o(.constdata) for gpio4_OutConfig0
    events.o(i.GPIO_HAL_ClearPinOutput) refers to fsl_misc_utilities.o(i.__aeabi_assert) for __aeabi_assert
    events.o(i.GPIO_HAL_SetPinOutput) refers to fsl_misc_utilities.o(i.__aeabi_assert) for __aeabi_assert
    events.o(i.GPIO_HAL_TogglePinOutput) refers to fsl_misc_utilities.o(i.__aeabi_assert) for __aeabi_assert
    events.o(i.PORTBCDE_IRQHandler) refers to events.o(i.GPIO_HAL_ClearPinOutput) for GPIO_HAL_ClearPinOutput
    events.o(i.PORTBCDE_IRQHandler) refers to events.o(i.GPIO_HAL_SetPinOutput) for GPIO_HAL_SetPinOutput
    events.o(i.PORTBCDE_IRQHandler) refers to events.o(.data) for PORTBCDE_first_tick_value
    events.o(i.TPM0_IRQHandler) refers to fsl_tpm_driver.o(i.TPM_DRV_IRQHandler) for TPM_DRV_IRQHandler
    events.o(i.TPM0_IRQHandler) refers to controllers_forgeneration.o(i.controllers_forgeneration_custom) for controllers_forgeneration_custom
    events.o(i.TPM0_IRQHandler) refers to events.o(i.GPIO_HAL_TogglePinOutput) for GPIO_HAL_TogglePinOutput
    events.o(i.TPM0_IRQHandler) refers to events.o(.data) for TPM0_first_tick_value
    events.o(i.TPM1_IRQHandler) refers to fsl_tpm_driver.o(i.TPM_DRV_IRQHandler) for TPM_DRV_IRQHandler
    events.o(i.TPM2_IRQHandler) refers to fsl_tpm_driver.o(i.TPM_DRV_IRQHandler) for TPM_DRV_IRQHandler
    events.o(i.TPM2_IRQHandler) refers to events.o(i.GPIO_HAL_TogglePinOutput) for GPIO_HAL_TogglePinOutput
    events.o(i.TPM2_IRQHandler) refers to events.o(.data) for TPM2_first_tick_value
    pe_low_level_init.o(i.PEX_components_init) refers to cpu.o(i.Common_Init) for Common_Init
    pe_low_level_init.o(i.PEX_components_init) refers to peripherals_init.o(i.Peripherals_Init) for Peripherals_Init
    pe_low_level_init.o(i.PEX_components_init) refers to cpu.o(i.Components_Init) for Components_Init
    pe_low_level_init.o(i.PE_low_level_init) refers to hardware_init.o(i.hardware_init) for hardware_init
    pe_low_level_init.o(i.PE_low_level_init) refers to fsl_os_abstraction_bm.o(i.OSA_Init) for OSA_Init
    pe_low_level_init.o(i.PE_low_level_init) refers to pe_low_level_init.o(i.PEX_components_init) for PEX_components_init
    peripherals_init.o(i.Peripherals_Init) refers to gpioa_init.o(i.GPIOA_Init) for GPIOA_Init
    peripherals_init.o(i.Peripherals_Init) refers to gpiob_init.o(i.GPIOB_Init) for GPIOB_Init
    clockman1.o(.data) refers to clockman1.o(.constdata) for clockMan1_InitConfig0
[...]
    Removing fsl_uart_hal.o(i.UART_HAL_ResetISO7816WaitTimer), (48 bytes).
    Removing fsl_uart_hal.o(i.UART_HAL_ResetWaitTimeMultipllier), (24 bytes).
    Removing fsl_uart_hal.o(i.UART_HAL_SendDataPolling), (46 bytes).
    Removing fsl_uart_hal.o(i.UART_HAL_SetBaudRate), (88 bytes).
    Removing fsl_uart_hal.o(i.UART_HAL_SetBaudRateDivisor), (148 bytes).
    Removing fsl_uart_hal.o(i.UART_HAL_SetISO7816Etu), (140 bytes).
    Removing fsl_uart_hal.o(i.UART_HAL_SetISO7816IntMode), (328 bytes).
    Removing fsl_uart_hal.o(i.UART_HAL_SetIntMode), (124 bytes).
    Removing fsl_uart_hal.o(i.UART_HAL_SetMatchAddress), (38 bytes).
    Removing fsl_uart_hal.o(i.UART_HAL_SetParityMode), (32 bytes).
    Removing fsl_uart_hal.o(i.UART_HAL_SetRxDmaCmd), (26 bytes).
    Removing fsl_uart_hal.o(i.UART_HAL_SetTxDmaCmd), (68 bytes).
    Removing hardware_init.o(.rev16_text), (4 bytes).
    Removing hardware_init.o(.revsh_text), (4 bytes).
    Removing main.o(.rev16_text), (4 bytes).
    Removing main.o(.revsh_text), (4 bytes).
    Removing main.o(.data), (4 bytes).
    Removing osa1.o(.rev16_text), (4 bytes).
    Removing osa1.o(.revsh_text), (4 bytes).
    Removing osa1.o(i.OSA_TimeDiff), (24 bytes).
    Removing osa1.o(i.OSA_TimeGetMsec), (12 bytes).
    Removing pin_init.o(.rev16_text), (4 bytes).
    Removing pin_init.o(.revsh_text), (4 bytes).
    Removing pin_init.o(i.deinit_adc_pins), (20 bytes).
    Removing pin_init.o(i.deinit_coredebug_pins), (32 bytes).
    Removing pin_init.o(i.deinit_gpio_pins), (92 bytes).
    Removing pin_init.o(i.deinit_llwu_pins), (20 bytes).
    Removing pin_init.o(i.deinit_osc_pins), (32 bytes).
    Removing pin_init.o(i.deinit_rcm_pins), (20 bytes).
    Removing pin_init.o(i.deinit_rtc_pins), (20 bytes).
    Removing pin_init.o(i.deinit_tpm_pins), (80 bytes).
    Removing print_scan.o(i._doprint), (1446 bytes).
    Removing print_scan.o(i._sputc), (14 bytes).
    Removing print_scan.o(i.fput_pad), (42 bytes).
    Removing print_scan.o(i.mknumstr), (190 bytes).
    Removing print_scan.o(i.scan_ignore_white_space), (50 bytes).
    Removing print_scan.o(i.scan_prv), (1420 bytes).
    Removing startup.o(.rev16_text), (4 bytes).
    Removing startup.o(.revsh_text), (4 bytes).
    Removing system_mkl27z644.o(.rev16_text), (4 bytes).
    Removing system_mkl27z644.o(.revsh_text), (4 bytes).
    Removing system_mkl27z644.o(i.SystemCoreClockUpdate), (120 bytes).
    Removing system_mkl27z644.o(.data), (4 bytes).
    Removing fsl_tpm_common.o(.rev16_text), (4 bytes).
    Removing fsl_tpm_common.o(.revsh_text), (4 bytes).
    Removing fsl_tpm_driver.o(.rev16_text), (4 bytes).
    Removing fsl_tpm_driver.o(.revsh_text), (4 bytes).
    Removing fsl_tpm_driver.o(i.INT_SYS_DisableIRQ), (68 bytes).
    Removing fsl_tpm_driver.o(i.TPM_DRV_CounterRead), (132 bytes).
    Removing fsl_tpm_driver.o(i.TPM_DRV_CounterStop), (44 bytes).
    Removing fsl_tpm_driver.o(i.TPM_DRV_Deinit), (40 bytes).
    Removing fsl_tpm_driver.o(i.TPM_DRV_GetChnVal), (164 bytes).
    Removing fsl_tpm_driver.o(i.TPM_DRV_OutputCompareEnable), (252 bytes).
    Removing fsl_tpm_driver.o(i.TPM_DRV_PwmStop), (228 bytes).
    Removing fsl_tpm_driver.o(.conststring), (77 bytes).
    Removing fsl_tpm_hal.o(.rev16_text), (4 bytes).
    Removing fsl_tpm_hal.o(.revsh_text), (4 bytes).
    Removing tpmtmr1.o(.rev16_text), (4 bytes).
    Removing tpmtmr1.o(.revsh_text), (4 bytes).
    Removing gpiob_init.o(.rev16_text), (4 bytes).
    Removing gpiob_init.o(.revsh_text), (4 bytes).
    Removing controllers_forgeneration.o(i.controllers_forgeneration_terminate), (2 bytes).
    Removing tpmtmr2.o(.rev16_text), (4 bytes).
    Removing tpmtmr2.o(.revsh_text), (4 bytes).
    Removing tpmtmr3.o(.rev16_text), (4 bytes).
    Removing tpmtmr3.o(.revsh_text), (4 bytes).
    Removing fsl_gpio_common.o(.rev16_text), (4 bytes).
    Removing fsl_gpio_common.o(.revsh_text), (4 bytes).
    Removing fsl_gpio_driver.o(.rev16_text), (4 bytes).
    Removing fsl_gpio_driver.o(.revsh_text), (4 bytes).
    Removing fsl_gpio_driver.o(i.GPIO_DRV_ClearPinIntFlag), (72 bytes).
    Removing fsl_gpio_driver.o(i.GPIO_DRV_ClearPinOutput), (56 bytes).
    Removing fsl_gpio_driver.o(i.GPIO_DRV_GetPinDir), (100 bytes).
    Removing fsl_gpio_driver.o(i.GPIO_DRV_IsPinIntPending), (76 bytes).
    Removing fsl_gpio_driver.o(i.GPIO_DRV_ReadPinInput), (56 bytes).
    Removing fsl_gpio_driver.o(i.GPIO_DRV_SetPinDir), (36 bytes).
    Removing fsl_gpio_driver.o(i.GPIO_DRV_SetPinOutput), (56 bytes).
    Removing fsl_gpio_driver.o(i.GPIO_DRV_TogglePinOutput), (56 bytes).
    Removing fsl_gpio_driver.o(i.GPIO_DRV_WritePinOutput), (36 bytes).
    Removing gpio4.o(.rev16_text), (4 bytes).
    Removing gpio4.o(.revsh_text), (4 bytes).
    Removing adconv1.o(.rev16_text), (4 bytes).
    Removing adconv1.o(.revsh_text), (4 bytes).
    Removing fsl_adc16_common.o(.rev16_text), (4 bytes).
    Removing fsl_adc16_common.o(.revsh_text), (4 bytes).
    Removing fsl_adc16_driver.o(.rev16_text), (4 bytes).
    Removing fsl_adc16_driver.o(.revsh_text), (4 bytes).
    Removing fsl_adc16_driver.o(i.ADC16_DRV_ConfigHwAverage), (136 bytes).
    Removing fsl_adc16_driver.o(i.ADC16_DRV_ConfigHwCompare), (136 bytes).
    Removing fsl_adc16_driver.o(i.ADC16_DRV_Deinit), (144 bytes).
    Removing fsl_adc16_driver.o(i.ADC16_DRV_GetAutoCalibrationParam), (224 bytes).
    Removing fsl_adc16_driver.o(i.ADC16_DRV_GetChnFlag), (144 bytes).
    Removing fsl_adc16_driver.o(i.ADC16_DRV_GetConvFlag), (204 bytes).
    Removing fsl_adc16_driver.o(i.ADC16_DRV_GetConvValueRAW), (128 bytes).
    Removing fsl_adc16_driver.o(i.ADC16_DRV_GetConvValueSigned), (18 bytes).
    Removing fsl_adc16_driver.o(i.ADC16_DRV_PauseConv), (132 bytes).
    Removing fsl_adc16_driver.o(i.ADC16_DRV_SetCalibrationParam), (172 bytes).
    Removing fsl_adc16_driver.o(i.ADC16_DRV_SetChnMux), (152 bytes).
    Removing fsl_adc16_driver.o(i.ADC16_DRV_StructInitUserConfigDefault), (50 bytes).
    Removing fsl_adc16_driver.o(i.ADC16_DRV_WaitConvDone), (136 bytes).
    Removing fsl_adc16_driver.o(i.ADC16_HAL_GetAutoCalibrationFailedFlag), (24 bytes).
    Removing fsl_adc16_driver.o(i.ADC16_HAL_GetChnConvCompletedFlag), (144 bytes).
    Removing fsl_adc16_driver.o(i.ADC16_HAL_GetChnConvValue), (144 bytes).
    Removing fsl_adc16_driver.o(i.ADC16_HAL_SetAutoCalibrationCmd), (18 bytes).
    Removing fsl_adc16_driver.o(i.INT_SYS_DisableIRQ), (68 bytes).
    Removing fsl_adc16_hal.o(.rev16_text), (4 bytes).
    Removing fsl_adc16_hal.o(.revsh_text), (4 bytes).
    Removing fsl_adc16_hal.o(i.ADC16_HAL_ConfigHwAverage), (32 bytes).
    Removing fsl_adc16_hal.o(i.ADC16_HAL_ConfigHwCompare), (72 bytes).
    Removing fsl_adc16_hal.o(i.ADC16_HAL_GetAutoMinusSideGainValue), (120 bytes).
    Removing fsl_adc16_hal.o(i.ADC16_HAL_GetAutoPlusSideGainValue), (120 bytes).
    Removing ddiv.o(.text), (240 bytes).
    Removing dfixul.o(.text), (64 bytes).
    Removing fsl_clock_mkl27z644.o(i.__ARM_common_switch8), (28 bytes).

332 unused section(s) (total 24883 bytes) removed from the image.

==============================================================================

Image Symbol Table

    Local Symbols

    Symbol Name                              Value     Ov Type        Size  Object(Section)

    RESET                                    0x00000000   Section      192  startup_mkl27z644.o(RESET)
    ../clib/microlib/division.c              0x00000000   Number         0  idiv.o ABSOLUTE
    ../clib/microlib/division.c              0x00000000   Number         0  uidiv.o ABSOLUTE
    ../clib/microlib/division.c              0x00000000   Number         0  uldiv.o ABSOLUTE
    ../clib/microlib/init/entry.s            0x00000000   Number         0  entry4.o ABSOLUTE
    ../clib/microlib/init/entry.s            0x00000000   Number         0  entry7b.o ABSOLUTE
    ../clib/microlib/init/entry.s            0x00000000   Number         0  entry7a.o ABSOLUTE
    ../clib/microlib/init/entry.s            0x00000000   Number         0  entry.o ABSOLUTE
    ../clib/microlib/init/entry.s            0x00000000   Number         0  entry11b.o ABSOLUTE
    ../clib/microlib/init/entry.s            0x00000000   Number         0  entry5.o ABSOLUTE
    ../clib/microlib/init/entry.s            0x00000000   Number         0  entry11a.o ABSOLUTE
    ../clib/microlib/init/entry.s            0x00000000   Number         0  entry10b.o ABSOLUTE
    ../clib/microlib/init/entry.s            0x00000000   Number         0  entry10a.o ABSOLUTE
    ../clib/microlib/init/entry.s            0x00000000   Number         0  entry9b.o ABSOLUTE
    ../clib/microlib/init/entry.s            0x00000000   Number         0  entry9a.o ABSOLUTE
    ../clib/microlib/init/entry.s            0x00000000   Number         0  entry8b.o ABSOLUTE
    ../clib/microlib/init/entry.s            0x00000000   Number         0  entry8a.o ABSOLUTE
    ../clib/microlib/longlong.c              0x00000000   Number         0  llshl.o ABSOLUTE
    ../clib/microlib/longlong.c              0x00000000   Number         0  llsshr.o ABSOLUTE
    ../clib/microlib/longlong.c              0x00000000   Number         0  llushr.o ABSOLUTE
    ../clib/microlib/malloc/calloc.c         0x00000000   Number         0  calloc.o ABSOLUTE
    ../clib/microlib/malloc/malloc.c         0x00000000   Number         0  malloc2.o ABSOLUTE
    ../clib/microlib/malloc/malloc.c         0x00000000   Number         0  mallocr2.o ABSOLUTE
    ../clib/microlib/malloc/malloc.c         0x00000000   Number         0  malloca2.o ABSOLUTE
    ../clib/microlib/malloc/malloc.c         0x00000000   Number         0  mallocra2.o ABSOLUTE
    ../clib/microlib/malloc/mvars.c          0x00000000   Number         0  mvars.o ABSOLUTE
    ../clib/microlib/printf/printf.c         0x00000000   Number         0  printf1.o ABSOLUTE
    ../clib/microlib/printf/printf.c         0x00000000   Number         0  printf2.o ABSOLUTE
    ../clib/microlib/printf/printf.c         0x00000000   Number         0  printf4.o ABSOLUTE
    ../clib/microlib/printf/printf.c         0x00000000   Number         0  printf3.o ABSOLUTE
    ../clib/microlib/printf/printf.c         0x00000000   Number         0  printfa.o ABSOLUTE
    ../clib/microlib/printf/printf.c         0x00000000   Number         0  printf8.o ABSOLUTE
    ../clib/microlib/printf/printf.c         0x00000000   Number         0  printf6.o ABSOLUTE
    ../clib/microlib/printf/printf.c         0x00000000   Number         0  printf7.o ABSOLUTE
    ../clib/microlib/printf/printf.c         0x00000000   Number         0  printfb.o ABSOLUTE
    ../clib/microlib/printf/printf.c         0x00000000   Number         0  printf0.o ABSOLUTE
    ../clib/microlib/printf/printf.c         0x00000000   Number         0  printf5.o ABSOLUTE
    ../clib/microlib/printf/stubs.s          0x00000000   Number         0  stubs.o ABSOLUTE
    ../clib/microlib/string/memcpy.c         0x00000000   Number         0  memcpya.o ABSOLUTE
    ../clib/microlib/string/memcpy.c         0x00000000   Number         0  memcpyb.o ABSOLUTE
    ../clib/microlib/string/memset.c         0x00000000   Number         0  memseta.o ABSOLUTE
    ../clib/microlib/string/strlen.c         0x00000000   Number         0  strlen.o ABSOLUTE
    ../clib/microlib/stubs.s                 0x00000000   Number         0  iusefp.o ABSOLUTE
    ../fplib/microlib/fpadd.c                0x00000000   Number         0  dadd.o ABSOLUTE
    ../fplib/microlib/fpdiv.c                0x00000000   Number         0  ddiv.o ABSOLUTE
    ../fplib/microlib/fpepilogue.c           0x00000000   Number         0  depilogue.o ABSOLUTE
    ../fplib/microlib/fpfix.c                0x00000000   Number         0  dfixul.o ABSOLUTE
    ../fplib/microlib/fpfix.c                0x00000000   Number         0  dfixi.o ABSOLUTE
    ../fplib/microlib/fpmul.c                0x00000000   Number         0  dmul.o ABSOLUTE
    Generated_Code\Cpu.c                     0x00000000   Number         0  cpu.o ABSOLUTE
    Generated_Code\\Cpu.c                    0x00000000   Number         0  cpu.o ABSOLUTE
    Generated_Code\\adConv1.c                0x00000000   Number         0  adconv1.o ABSOLUTE
    Generated_Code\\clockMan1.c              0x00000000   Number         0  clockman1.o ABSOLUTE
    Generated_Code\\gpio4.c                  0x00000000   Number         0  gpio4.o ABSOLUTE
    Generated_Code\\hardware_init.c          0x00000000   Number         0  hardware_init.o ABSOLUTE
    Generated_Code\\osa1.c                   0x00000000   Number         0  osa1.o ABSOLUTE
    Generated_Code\\pin_init.c               0x00000000   Number         0  pin_init.o ABSOLUTE
    Generated_Code\\tpmTmr1.c                0x00000000   Number         0  tpmtmr1.o ABSOLUTE
    Generated_Code\\tpmTmr2.c                0x00000000   Number         0  tpmtmr2.o ABSOLUTE
    Generated_Code\\tpmTmr3.c                0x00000000   Number         0  tpmtmr3.o ABSOLUTE
    Generated_Code\adConv1.c                 0x00000000   Number         0  adconv1.o ABSOLUTE
    Generated_Code\clockMan1.c               0x00000000   Number         0  clockman1.o ABSOLUTE
    Generated_Code\gpio4.c                   0x00000000   Number         0  gpio4.o ABSOLUTE
    Generated_Code\hardware_init.c           0x00000000   Number         0  hardware_init.o ABSOLUTE
    Generated_Code\osa1.c                    0x00000000   Number         0  osa1.o ABSOLUTE
    Generated_Code\pin_init.c                0x00000000   Number         0  pin_init.o ABSOLUTE
    Generated_Code\tpmTmr1.c                 0x00000000   Number         0  tpmtmr1.o ABSOLUTE
    Generated_Code\tpmTmr2.c                 0x00000000   Number         0  tpmtmr2.o ABSOLUTE
    Generated_Code\tpmTmr3.c                 0x00000000   Number         0  tpmtmr3.o ABSOLUTE
    SDK\\platform\\devices\\MKL27Z644\\startup\\arm\\startup_MKL27Z644.s 0x00000000   Number         0  startup_mkl27z644.o ABSOLUTE
    SDK\\platform\\devices\\MKL27Z644\\startup\\system_MKL27Z644.c 0x00000000   Number         0  system_mkl27z644.o ABSOLUTE
    SDK\\platform\\devices\\startup.c        0x00000000   Number         0  startup.o ABSOLUTE
    SDK\\platform\\drivers\\src\\adc16\\fsl_adc16_common.c 0x00000000   Number         0  fsl_adc16_common.o ABSOLUTE
    SDK\\platform\\drivers\\src\\adc16\\fsl_adc16_driver.c 0x00000000   Number         0  fsl_adc16_driver.o ABSOLUTE
    SDK\\platform\\drivers\\src\\gpio\\fsl_gpio_common.c 0x00000000   Number         0  fsl_gpio_common.o ABSOLUTE
    SDK\\platform\\drivers\\src\\gpio\\fsl_gpio_driver.c 0x00000000   Number         0  fsl_gpio_driver.o ABSOLUTE
    SDK\\platform\\drivers\\src\\rtc\\fsl_rtc_common.c 0x00000000   Number         0  fsl_rtc_common.o ABSOLUTE
    SDK\\platform\\drivers\\src\\tpm\\fsl_tpm_common.c 0x00000000   Number         0  fsl_tpm_common.o ABSOLUTE
    SDK\\platform\\drivers\\src\\tpm\\fsl_tpm_driver.c 0x00000000   Number         0  fsl_tpm_driver.o ABSOLUTE
    SDK\\platform\\hal\\src\\adc16\\fsl_adc16_hal.c 0x00000000   Number         0  fsl_adc16_hal.o ABSOLUTE
    SDK\\platform\\hal\\src\\gpio\\fsl_gpio_hal.c 0x00000000   Number         0  fsl_gpio_hal.o ABSOLUTE
    SDK\\platform\\hal\\src\\lpuart\\fsl_lpuart_hal.c 0x00000000   Number         0  fsl_lpuart_hal.o ABSOLUTE
    SDK\\platform\\hal\\src\\mcglite\\fsl_mcglite_hal.c 0x00000000   Number         0  fsl_mcglite_hal.o ABSOLUTE
    SDK\\platform\\hal\\src\\mcglite\\fsl_mcglite_hal_modes.c 0x00000000   Number         0  fsl_mcglite_hal_modes.o ABSOLUTE
    SDK\\platform\\hal\\src\\osc\\fsl_osc_hal.c 0x00000000   Number         0  fsl_osc_hal.o ABSOLUTE
    SDK\\platform\\hal\\src\\port\\fsl_port_hal.c 0x00000000   Number         0  fsl_port_hal.o ABSOLUTE
    SDK\\platform\\hal\\src\\rtc\\fsl_rtc_hal.c 0x00000000   Number         0  fsl_rtc_hal.o ABSOLUTE
    SDK\\platform\\hal\\src\\sim\\MKL27Z644\\fsl_sim_hal_MKL27Z644.c 0x00000000   Number         0  fsl_sim_hal_mkl27z644.o ABSOLUTE
    SDK\\platform\\hal\\src\\tpm\\fsl_tpm_hal.c 0x00000000   Number         0  fsl_tpm_hal.o ABSOLUTE
    SDK\\platform\\hal\\src\\uart\\fsl_uart_hal.c 0x00000000   Number         0  fsl_uart_hal.o ABSOLUTE
    SDK\\platform\\osa\\src\\fsl_os_abstraction_bm.c 0x00000000   Number         0  fsl_os_abstraction_bm.o ABSOLUTE
    SDK\\platform\\system\\src\\clock\\MKL27Z644\\fsl_clock_MKL27Z644.c 0x00000000   Number         0  fsl_clock_mkl27z644.o ABSOLUTE
    SDK\\platform\\system\\src\\clock\\fsl_clock_manager.c 0x00000000   Number         0  fsl_clock_manager.o ABSOLUTE
    SDK\\platform\\system\\src\\clock\\fsl_clock_manager_common.c 0x00000000   Number         0  fsl_clock_manager_common.o ABSOLUTE
    SDK\\platform\\system\\src\\interrupt\\fsl_interrupt_manager.c 0x00000000   Number         0  fsl_interrupt_manager.o ABSOLUTE
    SDK\\platform\\utilities\\src\\fsl_debug_console.c 0x00000000   Number         0  fsl_debug_console.o ABSOLUTE
    SDK\platform\devices\MKL27Z644\startup\system_MKL27Z644.c 0x00000000   Number         0  system_mkl27z644.o ABSOLUTE
    SDK\platform\devices\startup.c           0x00000000   Number         0  startup.o ABSOLUTE
    SDK\platform\drivers\src\adc16\fsl_adc16_common.c 0x00000000   Number         0  fsl_adc16_common.o ABSOLUTE
    SDK\platform\drivers\src\adc16\fsl_adc16_driver.c 0x00000000   Number         0  fsl_adc16_driver.o ABSOLUTE
    SDK\platform\drivers\src\gpio\fsl_gpio_common.c 0x00000000   Number         0  fsl_gpio_common.o ABSOLUTE
    SDK\platform\drivers\src\gpio\fsl_gpio_driver.c 0x00000000   Number         0  fsl_gpio_driver.o ABSOLUTE
    SDK\platform\drivers\src\rtc\fsl_rtc_common.c 0x00000000   Number         0  fsl_rtc_common.o ABSOLUTE
    SDK\platform\drivers\src\tpm\fsl_tpm_common.c 0x00000000   Number         0  fsl_tpm_common.o ABSOLUTE
    SDK\platform\drivers\src\tpm\fsl_tpm_driver.c 0x00000000   Number         0  fsl_tpm_driver.o ABSOLUTE
    SDK\platform\hal\src\adc16\fsl_adc16_hal.c 0x00000000   Number         0  fsl_adc16_hal.o ABSOLUTE
    SDK\platform\hal\src\gpio\fsl_gpio_hal.c 0x00000000   Number         0  fsl_gpio_hal.o ABSOLUTE
    SDK\platform\hal\src\lpuart\fsl_lpuart_hal.c 0x00000000   Number         0  fsl_lpuart_hal.o ABSOLUTE
    SDK\platform\hal\src\mcglite\fsl_mcglite_hal.c 0x00000000   Number         0  fsl_mcglite_hal.o ABSOLUTE
    SDK\platform\hal\src\mcglite\fsl_mcglite_hal_modes.c 0x00000000   Number         0  fsl_mcglite_hal_modes.o ABSOLUTE
    SDK\platform\hal\src\osc\fsl_osc_hal.c   0x00000000   Number         0  fsl_osc_hal.o ABSOLUTE
    SDK\platform\hal\src\port\fsl_port_hal.c 0x00000000   Number         0  fsl_port_hal.o ABSOLUTE
    SDK\platform\hal\src\rtc\fsl_rtc_hal.c   0x00000000   Number         0  fsl_rtc_hal.o ABSOLUTE
    SDK\platform\hal\src\sim\MKL27Z644\fsl_sim_hal_MKL27Z644.c 0x00000000   Number         0  fsl_sim_hal_mkl27z644.o ABSOLUTE
    SDK\platform\hal\src\tpm\fsl_tpm_hal.c   0x00000000   Number         0  fsl_tpm_hal.o ABSOLUTE
    SDK\platform\hal\src\uart\fsl_uart_hal.c 0x00000000   Number         0  fsl_uart_hal.o ABSOLUTE
    SDK\platform\osa\src\fsl_os_abstraction_bm.c 0x00000000   Number         0  fsl_os_abstraction_bm.o ABSOLUTE
    SDK\platform\system\src\clock\MKL27Z644\fsl_clock_MKL27Z644.c 0x00000000   Number         0  fsl_clock_mkl27z644.o ABSOLUTE
    SDK\platform\system\src\clock\fsl_clock_manager.c 0x00000000   Number         0  fsl_clock_manager.o ABSOLUTE
    SDK\platform\system\src\clock\fsl_clock_manager_common.c 0x00000000   Number         0  fsl_clock_manager_common.o ABSOLUTE
    SDK\platform\system\src\interrupt\fsl_interrupt_manager.c 0x00000000   Number         0  fsl_interrupt_manager.o ABSOLUTE
    SDK\platform\utilities\src\fsl_debug_console.c 0x00000000   Number         0  fsl_debug_console.o ABSOLUTE
    SDK\platform\utilities\src\fsl_misc_utilities.c 0x00000000   Number         0  fsl_misc_utilities.o ABSOLUTE
    SDK\platform\utilities\src\print_scan.c  0x00000000   Number         0  print_scan.o ABSOLUTE
    Sources\Events.c                         0x00000000   Number         0  events.o ABSOLUTE
    Sources\\Events.c                        0x00000000   Number         0  events.o ABSOLUTE
    Sources\\main.c                          0x00000000   Number         0  main.o ABSOLUTE
    Sources\controllers_forgeneration.c      0x00000000   Number         0  controllers_forgeneration.o ABSOLUTE
    Sources\controllers_forgeneration_data.c 0x00000000   Number         0  controllers_forgeneration_data.o ABSOLUTE
    Sources\main.c                           0x00000000   Number         0  main.o ABSOLUTE
    Static_Code\Peripherals\GPIOA_Init.c     0x00000000   Number         0  gpioa_init.o ABSOLUTE
    Static_Code\Peripherals\GPIOB_Init.c     0x00000000   Number         0  gpiob_init.o ABSOLUTE
    Static_Code\System\PE_low_level_init.c   0x00000000   Number         0  pe_low_level_init.o ABSOLUTE
    Static_Code\System\Peripherals_Init.c    0x00000000   Number         0  peripherals_init.o ABSOLUTE
    Static_Code\\Peripherals\\GPIOA_Init.c   0x00000000   Number         0  gpioa_init.o ABSOLUTE
    Static_Code\\Peripherals\\GPIOB_Init.c   0x00000000   Number         0  gpiob_init.o ABSOLUTE
    Static_Code\\System\\PE_low_level_init.c 0x00000000   Number         0  pe_low_level_init.o ABSOLUTE
    Static_Code\\System\\Peripherals_Init.c  0x00000000   Number         0  peripherals_init.o ABSOLUTE
    cdcmple.s                                0x00000000   Number         0  cdcmple.o ABSOLUTE
    cdrcmple.s                               0x00000000   Number         0  cdrcmple.o ABSOLUTE
    dc.s                                     0x00000000   Number         0  dc.o ABSOLUTE
    handlers.s                               0x00000000   Number         0  handlers.o ABSOLUTE
    init.s                                   0x00000000   Number         0  init.o ABSOLUTE
    FlashConfig                              0x00000400   Section       16  startup_mkl27z644.o(FlashConfig)
    .ARM.Collect$$$$00000000                 0x00000410   Section        0  entry.o(.ARM.Collect$$$$00000000)
    .ARM.Collect$$$$00000003                 0x00000410   Section        4  entry4.o(.ARM.Collect$$$$00000003)
    .ARM.Collect$$$$00000004                 0x00000414   Section        4  entry5.o(.ARM.Collect$$$$00000004)
    .ARM.Collect$$$$00000008                 0x00000418   Section        0  entry7b.o(.ARM.Collect$$$$00000008)
    .ARM.Collect$$$$0000000A                 0x00000418   Section        0  entry8b.o(.ARM.Collect$$$$0000000A)
    .ARM.Collect$$$$0000000B                 0x00000418   Section        8  entry9a.o(.ARM.Collect$$$$0000000B)
    .ARM.Collect$$$$0000000D                 0x00000420   Section        0  entry10a.o(.ARM.Collect$$$$0000000D)
    .ARM.Collect$$$$0000000F                 0x00000420   Section        0  entry11a.o(.ARM.Collect$$$$0000000F)
    .ARM.Collect$$$$00002714                 0x00000420   Section        4  entry4.o(.ARM.Collect$$$$00002714)
    __lit__00000000                          0x00000420   Data           4  entry4.o(.ARM.Collect$$$$00002714)
    .text                                    0x00000424   Section       48  startup_mkl27z644.o(.text)
    .text                                    0x00000454   Section        0  uidiv.o(.text)
    .text                                    0x00000480   Section        0  uldiv.o(.text)
    .text                                    0x000004e0   Section        0  memcpya.o(.text)
    .text                                    0x00000504   Section        0  memseta.o(.text)
    .text                                    0x00000528   Section        0  dadd.o(.text)
    .text                                    0x0000068c   Section        0  dmul.o(.text)
    .text                                    0x0000075c   Section        0  dfixi.o(.text)
    .text                                    0x000007a4   Section       40  cdcmple.o(.text)
    .text                                    0x000007cc   Section       40  cdrcmple.o(.text)
    .text                                    0x000007f4   Section        0  llshl.o(.text)
    .text                                    0x00000814   Section        0  llushr.o(.text)
    .text                                    0x00000836   Section        0  llsshr.o(.text)
    .text                                    0x0000085c   Section        0  iusefp.o(.text)
    .text                                    0x0000085c   Section        0  depilogue.o(.text)
    .text                                    0x0000091c   Section       36  init.o(.text)
    i.ADC0_IRQHandler                        0x00000940   Section        0  events.o(i.ADC0_IRQHandler)
    i.ADC16_DRV_ConfigConvChn                0x00000944   Section        0  fsl_adc16_driver.o(i.ADC16_DRV_ConfigConvChn)
    i.ADC16_DRV_Init                         0x000009d4   Section        0  fsl_adc16_driver.o(i.ADC16_DRV_Init)
    i.ADC16_HAL_ConfigChn                    0x00000a74   Section        0  fsl_adc16_hal.o(i.ADC16_HAL_ConfigChn)
    i.ADC16_HAL_ConfigConverter              0x00000b14   Section        0  fsl_adc16_hal.o(i.ADC16_HAL_ConfigConverter)
    i.ADC16_HAL_Init                         0x00000bba   Section        0  fsl_adc16_hal.o(i.ADC16_HAL_Init)
    i.CLOCK_HAL_GetClkSrcStat                0x00000bcc   Section        0  fsl_mcglite_hal.o(i.CLOCK_HAL_GetClkSrcStat)
    CLOCK_HAL_GetClkSrcStat                  0x00000bcd   Thumb Code    12  fsl_mcglite_hal.o(i.CLOCK_HAL_GetClkSrcStat)
    i.CLOCK_HAL_GetInternalRefClk            0x00000bdc   Section        0  fsl_mcglite_hal.o(i.CLOCK_HAL_GetInternalRefClk)
    i.CLOCK_HAL_GetLircClk                   0x00000c08   Section        0  fsl_mcglite_hal.o(i.CLOCK_HAL_GetLircClk)
    i.CLOCK_HAL_GetOutClk                    0x00000c48   Section        0  fsl_mcglite_hal.o(i.CLOCK_HAL_GetOutClk)
    i.CLOCK_HAL_GetOutDiv1                   0x00000c90   Section        0  fsl_clock_mkl27z644.o(i.CLOCK_HAL_GetOutDiv1)
    CLOCK_HAL_GetOutDiv1                     0x00000c91   Thumb Code    16  fsl_clock_mkl27z644.o(i.CLOCK_HAL_GetOutDiv1)
    i.CLOCK_SYS_EnableAdcClock               0x00000ca8   Section        0  fsl_clock_mkl27z644.o(i.CLOCK_SYS_EnableAdcClock)
    i.CLOCK_SYS_EnablePortClock              0x00000d4c   Section        0  fsl_clock_mkl27z644.o(i.CLOCK_SYS_EnablePortClock)
    i.CLOCK_SYS_EnableTpmClock               0x00000df4   Section        0  fsl_clock_mkl27z644.o(i.CLOCK_SYS_EnableTpmClock)
    i.CLOCK_SYS_GetCoreClockFreq             0x00000e98   Section        0  fsl_clock_mkl27z644.o(i.CLOCK_SYS_GetCoreClockFreq)
    i.CLOCK_SYS_GetOsc0ExternalRefClockFreq  0x00000ebc   Section        0  fsl_clock_mkl27z644.o(i.CLOCK_SYS_GetOsc0ExternalRefClockFreq)
    i.CLOCK_SYS_GetSystickFreq               0x00000ef0   Section        0  fsl_clock_manager.o(i.CLOCK_SYS_GetSystickFreq)
    i.CLOCK_SYS_GetTpmExternalFreq           0x00000f10   Section        0  fsl_clock_mkl27z644.o(i.CLOCK_SYS_GetTpmExternalFreq)
    i.CLOCK_SYS_GetTpmFreq                   0x00000f38   Section        0  fsl_clock_mkl27z644.o(i.CLOCK_SYS_GetTpmFreq)
    i.Common_Init                            0x00000f90   Section        0  cpu.o(i.Common_Init)
    i.Components_Init                        0x00000ff0   Section        0  cpu.o(i.Components_Init)
    i.GPIOA_Init                             0x000010ac   Section        0  gpioa_init.o(i.GPIOA_Init)
    i.GPIOB_Init                             0x000010dc   Section        0  gpiob_init.o(i.GPIOB_Init)
    i.GPIO_DRV_Init                          0x0000110c   Section        0  fsl_gpio_driver.o(i.GPIO_DRV_Init)
    i.GPIO_DRV_InputPinInit                  0x00001140   Section        0  fsl_gpio_driver.o(i.GPIO_DRV_InputPinInit)
    i.GPIO_DRV_OutputPinInit                 0x0000126c   Section        0  fsl_gpio_driver.o(i.GPIO_DRV_OutputPinInit)
    i.GPIO_HAL_ClearPinOutput                0x0000134c   Section        0  events.o(i.GPIO_HAL_ClearPinOutput)
    GPIO_HAL_ClearPinOutput                  0x0000134d   Thumb Code    30  events.o(i.GPIO_HAL_ClearPinOutput)
    i.GPIO_HAL_SetPinDir                     0x000013a0   Section        0  fsl_gpio_hal.o(i.GPIO_HAL_SetPinDir)
    i.GPIO_HAL_SetPinOutput                  0x00001418   Section        0  events.o(i.GPIO_HAL_SetPinOutput)
    GPIO_HAL_SetPinOutput                    0x00001419   Thumb Code    30  events.o(i.GPIO_HAL_SetPinOutput)
    i.GPIO_HAL_TogglePinOutput               0x0000146c   Section        0  events.o(i.GPIO_HAL_TogglePinOutput)
    GPIO_HAL_TogglePinOutput                 0x0000146d   Thumb Code    30  events.o(i.GPIO_HAL_TogglePinOutput)
    i.GPIO_HAL_WritePinOutput                0x000014c0   Section        0  fsl_gpio_hal.o(i.GPIO_HAL_WritePinOutput)
    i.INT_SYS_EnableIRQ                      0x00001524   Section        0  fsl_tpm_driver.o(i.INT_SYS_EnableIRQ)
    INT_SYS_EnableIRQ                        0x00001525   Thumb Code    54  fsl_tpm_driver.o(i.INT_SYS_EnableIRQ)
    i.INT_SYS_EnableIRQ                      0x000015d0   Section        0  fsl_gpio_driver.o(i.INT_SYS_EnableIRQ)
    INT_SYS_EnableIRQ                        0x000015d1   Thumb Code    54  fsl_gpio_driver.o(i.INT_SYS_EnableIRQ)
    i.INT_SYS_EnableIRQ                      0x0000167c   Section        0  fsl_adc16_driver.o(i.INT_SYS_EnableIRQ)
    INT_SYS_EnableIRQ                        0x0000167d   Thumb Code    54  fsl_adc16_driver.o(i.INT_SYS_EnableIRQ)
    i.NVIC_SetPriority                       0x00001728   Section        0  cpu.o(i.NVIC_SetPriority)
    NVIC_SetPriority                         0x00001729   Thumb Code   110  cpu.o(i.NVIC_SetPriority)
    i.NVIC_SetPriority                       0x000017a0   Section        0  osa1.o(i.NVIC_SetPriority)
    NVIC_SetPriority                         0x000017a1   Thumb Code   110  osa1.o(i.NVIC_SetPriority)
    i.OSA_Init                               0x00001818   Section        0  fsl_os_abstraction_bm.o(i.OSA_Init)
    i.OSA_TimeInit                           0x00001828   Section        0  osa1.o(i.OSA_TimeInit)
    i.PEX_components_init                    0x000018c0   Section        0  pe_low_level_init.o(i.PEX_components_init)
    i.PE_low_level_init                      0x000018d0   Section        0  pe_low_level_init.o(i.PE_low_level_init)
    i.PORTBCDE_IRQHandler                    0x000018e0   Section        0  events.o(i.PORTBCDE_IRQHandler)
    i.PORT_HAL_SetMuxMode                    0x00001a18   Section        0  pin_init.o(i.PORT_HAL_SetMuxMode)
    PORT_HAL_SetMuxMode                      0x00001a19   Thumb Code    38  pin_init.o(i.PORT_HAL_SetMuxMode)
    i.PORT_HAL_SetMuxMode                    0x00001a78   Section        0  fsl_gpio_driver.o(i.PORT_HAL_SetMuxMode)
    PORT_HAL_SetMuxMode                      0x00001a79   Thumb Code    38  fsl_gpio_driver.o(i.PORT_HAL_SetMuxMode)
    i.PORT_HAL_SetPullCmd                    0x00001ad8   Section        0  pin_init.o(i.PORT_HAL_SetPullCmd)
    PORT_HAL_SetPullCmd                      0x00001ad9   Thumb Code    40  pin_init.o(i.PORT_HAL_SetPullCmd)
    i.PORT_HAL_SetPullMode                   0x00001b34   Section        0  pin_init.o(i.PORT_HAL_SetPullMode)
    PORT_HAL_SetPullMode                     0x00001b35   Thumb Code    38  pin_init.o(i.PORT_HAL_SetPullMode)
    i.Peripherals_Init                       0x00001b90   Section        0  peripherals_init.o(i.Peripherals_Init)
    i.SIM_HAL_EnableClock                    0x00001b9c   Section        0  fsl_clock_mkl27z644.o(i.SIM_HAL_EnableClock)
    SIM_HAL_EnableClock                      0x00001b9d   Thumb Code    38  fsl_clock_mkl27z644.o(i.SIM_HAL_EnableClock)
    i.SIM_HAL_EnableClock                    0x00001bc8   Section        0  hardware_init.o(i.SIM_HAL_EnableClock)
    SIM_HAL_EnableClock                      0x00001bc9   Thumb Code    38  hardware_init.o(i.SIM_HAL_EnableClock)
    i.SIM_HAL_GetTpmExternalClkPinSelMode    0x00001bf4   Section        0  fsl_sim_hal_mkl27z644.o(i.SIM_HAL_GetTpmExternalClkPinSelMode)
    i.SIM_HAL_SetTpmChSrcMode                0x00001ca0   Section        0  fsl_sim_hal_mkl27z644.o(i.SIM_HAL_SetTpmChSrcMode)
    i.SysTick_Handler                        0x00001d44   Section        0  osa1.o(i.SysTick_Handler)
    i.SystemInit                             0x00001d54   Section        0  system_mkl27z644.o(i.SystemInit)
    i.TPM0_IRQHandler                        0x00001dfc   Section        0  events.o(i.TPM0_IRQHandler)
    i.TPM1_IRQHandler                        0x00001ef4   Section        0  events.o(i.TPM1_IRQHandler)
    i.TPM2_IRQHandler                        0x00001f00   Section        0  events.o(i.TPM2_IRQHandler)
    i.TPM_DRV_CounterStart                   0x00001fb4   Section        0  fsl_tpm_driver.o(i.TPM_DRV_CounterStart)
    i.TPM_DRV_GetClock                       0x000020a0   Section        0  fsl_tpm_driver.o(i.TPM_DRV_GetClock)
    i.TPM_DRV_IRQHandler                     0x00002164   Section        0  fsl_tpm_driver.o(i.TPM_DRV_IRQHandler)
    i.TPM_DRV_Init                           0x000021fc   Section        0  fsl_tpm_driver.o(i.TPM_DRV_Init)
    i.TPM_DRV_InputCaptureEnable             0x0000231c   Section        0  fsl_tpm_driver.o(i.TPM_DRV_InputCaptureEnable)
    i.TPM_DRV_PwmStart                       0x000023e8   Section        0  fsl_tpm_driver.o(i.TPM_DRV_PwmStart)
    i.TPM_DRV_SetChnIntCmd                   0x00002598   Section        0  fsl_tpm_driver.o(i.TPM_DRV_SetChnIntCmd)
    i.TPM_DRV_SetClock                       0x0000265c   Section        0  fsl_tpm_driver.o(i.TPM_DRV_SetClock)
    i.TPM_DRV_SetTimeOverflowIntCmd          0x000026ec   Section        0  fsl_tpm_driver.o(i.TPM_DRV_SetTimeOverflowIntCmd)
    i.TPM_HAL_ClearChnInt                    0x0000272c   Section        0  fsl_tpm_driver.o(i.TPM_HAL_ClearChnInt)
    TPM_HAL_ClearChnInt                      0x0000272d   Thumb Code    44  fsl_tpm_driver.o(i.TPM_HAL_ClearChnInt)
    i.TPM_HAL_ClearCounter                   0x000027a8   Section        0  fsl_tpm_driver.o(i.TPM_HAL_ClearCounter)
    TPM_HAL_ClearCounter                     0x000027a9   Thumb Code    12  fsl_tpm_driver.o(i.TPM_HAL_ClearCounter)
    i.TPM_HAL_DisableChn                     0x000027b8   Section        0  fsl_tpm_hal.o(i.TPM_HAL_DisableChn)
    i.TPM_HAL_EnablePwmMode                  0x000027cc   Section        0  fsl_tpm_hal.o(i.TPM_HAL_EnablePwmMode)
    i.TPM_HAL_Reset                          0x000028f4   Section        0  fsl_tpm_hal.o(i.TPM_HAL_Reset)
    i.TPM_HAL_SetChnCountVal                 0x00002928   Section        0  fsl_tpm_driver.o(i.TPM_HAL_SetChnCountVal)
    TPM_HAL_SetChnCountVal                   0x00002929   Thumb Code    44  fsl_tpm_driver.o(i.TPM_HAL_SetChnCountVal)
    i.TPM_HAL_SetChnMsnbaElsnbaVal           0x000029a8   Section        0  fsl_tpm_driver.o(i.TPM_HAL_SetChnMsnbaElsnbaVal)
    TPM_HAL_SetChnMsnbaElsnbaVal             0x000029a9   Thumb Code    50  fsl_tpm_driver.o(i.TPM_HAL_SetChnMsnbaElsnbaVal)
    i.TPM_HAL_SetChnMsnbaElsnbaVal           0x00002a2c   Section        0  fsl_tpm_hal.o(i.TPM_HAL_SetChnMsnbaElsnbaVal)
    TPM_HAL_SetChnMsnbaElsnbaVal             0x00002a2d   Thumb Code    50  fsl_tpm_hal.o(i.TPM_HAL_SetChnMsnbaElsnbaVal)
    i.TPM_HAL_SetClockMode                   0x00002ab0   Section        0  fsl_tpm_hal.o(i.TPM_HAL_SetClockMode)
    i.TPM_HAL_SetCpwms                       0x00002adc   Section        0  fsl_tpm_driver.o(i.TPM_HAL_SetCpwms)
    TPM_HAL_SetCpwms                         0x00002add   Thumb Code    38  fsl_tpm_driver.o(i.TPM_HAL_SetCpwms)
    i.TPM_HAL_SetMod                         0x00002b38   Section        0  fsl_tpm_driver.o(i.TPM_HAL_SetMod)
    TPM_HAL_SetMod                           0x00002b39   Thumb Code    24  fsl_tpm_driver.o(i.TPM_HAL_SetMod)
    i.__0printf$3                            0x00002b54   Section        0  printf3.o(i.__0printf$3)
    i.__ARM_clz                              0x00002b74   Section        0  depilogue.o(i.__ARM_clz)
    i.__ARM_common_ll_muluu                  0x00002ba2   Section        0  osa1.o(i.__ARM_common_ll_muluu)
    i.__aeabi_assert                         0x00002bd4   Section        0  fsl_misc_utilities.o(i.__aeabi_assert)
    i.__scatterload_copy                     0x00002c0c   Section       14  handlers.o(i.__scatterload_copy)
    i.__scatterload_null                     0x00002c1a   Section        2  handlers.o(i.__scatterload_null)
    i.__scatterload_zeroinit                 0x00002c1c   Section       14  handlers.o(i.__scatterload_zeroinit)
    i._printf_core                           0x00002c2c   Section        0  printf3.o(i._printf_core)
    _printf_core                             0x00002c2d   Thumb Code   456  printf3.o(i._printf_core)
    i.controllers_forgeneration_custom       0x00002df8   Section        0  controllers_forgeneration.o(i.controllers_forgeneration_custom)
    i.controllers_forgeneration_initialize   0x000039c0   Section        0  controllers_forgeneration.o(i.controllers_forgeneration_initialize)
    i.fputc                                  0x000039dc   Section        0  fsl_debug_console.o(i.fputc)
    i.hardware_init                          0x00003a00   Section        0  hardware_init.o(i.hardware_init)
    i.init_adc_pins                          0x00003a7c   Section        0  pin_init.o(i.init_adc_pins)
    i.init_coredebug_pins                    0x00003ad0   Section        0  pin_init.o(i.init_coredebug_pins)
    i.init_data_bss                          0x00003af0   Section        0  startup.o(i.init_data_bss)
    i.init_gpio_pins                         0x00003b38   Section        0  pin_init.o(i.init_gpio_pins)
    i.init_llwu_pins                         0x00003bdc   Section        0  pin_init.o(i.init_llwu_pins)
    i.init_osc_pins                          0x00003c04   Section        0  pin_init.o(i.init_osc_pins)
    i.init_rcm_pins                          0x00003c24   Section        0  pin_init.o(i.init_rcm_pins)
    i.init_rtc_pins                          0x00003c38   Section        0  pin_init.o(i.init_rtc_pins)
    i.init_tpm_pins                          0x00003c60   Section        0  pin_init.o(i.init_tpm_pins)
    i.main                                   0x00003ccc   Section        0  main.o(i.main)
    i.task_init                              0x00003cd8   Section        0  fsl_os_abstraction_bm.o(i.task_init)
    .constdata                               0x00003d1c   Section       13  fsl_clock_mkl27z644.o(.constdata)
    portGateTable                            0x00003d1c   Data           5  fsl_clock_mkl27z644.o(.constdata)
    adcGateTable                             0x00003d21   Data           1  fsl_clock_mkl27z644.o(.constdata)
    spiGateTable                             0x00003d22   Data           2  fsl_clock_mkl27z644.o(.constdata)
    lpuartGateTable                          0x00003d24   Data           2  fsl_clock_mkl27z644.o(.constdata)
    tpmGateTable                             0x00003d26   Data           3  fsl_clock_mkl27z644.o(.constdata)
    .constdata                               0x00003d2c   Section       12  fsl_clock_manager_common.o(.constdata)
    .constdata                               0x00003d38   Section       15  fsl_tpm_common.o(.constdata)
    .constdata                               0x00003d48   Section       12  fsl_tpm_hal.o(.constdata)
    .constdata                               0x00003d54   Section        6  tpmtmr1.o(.constdata)
    .constdata                               0x00003d5c   Section      244  controllers_forgeneration.o(.constdata)
    colCidxRow0                              0x00003d60   Data          20  controllers_forgeneration.o(.constdata)
    colCidxRow0                              0x00003d74   Data          20  controllers_forgeneration.o(.constdata)
    colAidxRow0                              0x00003d88   Data          20  controllers_forgeneration.o(.constdata)
    colAidxRow1                              0x00003d9c   Data          20  controllers_forgeneration.o(.constdata)
    colAidxRow2                              0x00003db0   Data          20  controllers_forgeneration.o(.constdata)
    colAidxRow3                              0x00003dc4   Data          20  controllers_forgeneration.o(.constdata)
    colAidxRow4                              0x00003dd8   Data          20  controllers_forgeneration.o(.constdata)
    colAidxRow0                              0x00003dec   Data          20  controllers_forgeneration.o(.constdata)
    colAidxRow1                              0x00003e00   Data          20  controllers_forgeneration.o(.constdata)
    colAidxRow2                              0x00003e14   Data          20  controllers_forgeneration.o(.constdata)
    colAidxRow3                              0x00003e28   Data          20  controllers_forgeneration.o(.constdata)
    colAidxRow4                              0x00003e3c   Data          20  controllers_forgeneration.o(.constdata)
    .constdata                               0x00003e50   Section      480  controllers_forgeneration_data.o(.constdata)
    .constdata                               0x00004030   Section        6  tpmtmr2.o(.constdata)
    .constdata                               0x00004036   Section        6  tpmtmr3.o(.constdata)
    .constdata                               0x0000403c   Section       45  fsl_gpio_common.o(.constdata)
    .constdata                               0x0000406c   Section       36  gpio4.o(.constdata)
    .constdata                               0x00004090   Section       23  adconv1.o(.constdata)
    .constdata                               0x000040a8   Section        5  fsl_adc16_common.o(.constdata)
    .data                                    0x1ffff200   Section      140  events.o(.data)
    .data                                    0x1ffff28c   Section       14  fsl_clock_mkl27z644.o(.data)
    i2cGateTable                             0x1ffff298   Data           2  fsl_clock_mkl27z644.o(.data)
    .data                                    0x1ffff29c   Section        8  fsl_debug_console.o(.data)
    .data                                    0x1ffff2a4   Section        8  fsl_mcglite_hal.o(.data)
    .data                                    0x1ffff2ac   Section        8  fsl_os_abstraction_bm.o(.data)
    g_curTask                                0x1ffff2ac   Data           4  fsl_os_abstraction_bm.o(.data)
    g_freeTaskControlBlock                   0x1ffff2b0   Data           4  fsl_os_abstraction_bm.o(.data)
    .data                                    0x1ffff2b4   Section        2  osa1.o(.data)
    SwTimerIsrCounter                        0x1ffff2b4   Data           2  osa1.o(.data)
    .data                                    0x1ffff2b6   Section        1  fsl_tpm_driver.o(.data)
    s_tpmClockSource                         0x1ffff2b6   Data           1  fsl_tpm_driver.o(.data)
    .data                                    0x1ffff2b8   Section        4  controllers_forgeneration.o(.data)
    .data                                    0x1ffff2bc   Section       12  tpmtmr2.o(.data)
    .bss                                     0x1ffff2c8   Section       16  fsl_debug_console.o(.bss)
    s_debugConsole                           0x1ffff2c8   Data          16  fsl_debug_console.o(.bss)
    .bss                                     0x1ffff2d8   Section       96  fsl_os_abstraction_bm.o(.bss)
    g_taskControlBlockPool                   0x1ffff2d8   Data          80  fsl_os_abstraction_bm.o(.bss)
    g_taskListHead                           0x1ffff328   Data          16  fsl_os_abstraction_bm.o(.bss)
    .bss                                     0x1ffff338   Section       96  controllers_forgeneration.o(.bss)

    Global Symbols

    Symbol Name                              Value     Ov Type        Size  Object(Section)

    BuildAttributes$$THM_ISAv3M$S$PE$A:L22$X:L11$S22$IEEE1$IW$USESV6$~STKCKD$USESV7$~SHL$OSPACE$ROPI$EBA8$MICROLIB$REQ8$PRES8$EABIv2 0x00000000   Number         0  anon$$obj.o ABSOLUTE
    Image$$VECTOR_ROM$$Base                  0x00000000   Number         0  anon$$obj.o ABSOLUTE
    __ARM_use_no_argv                        0x00000000   Number         0  main.o ABSOLUTE
    __Vectors                                0x00000000   Data           4  startup_mkl27z644.o(RESET)
    _printf_a                                0x00000000   Number         0  stubs.o ABSOLUTE
    _printf_c                                0x00000000   Number         0  stubs.o ABSOLUTE
    _printf_charcount                        0x00000000   Number         0  stubs.o ABSOLUTE
    _printf_d                                0x00000000   Number         0  stubs.o ABSOLUTE
    _printf_e                                0x00000000   Number         0  stubs.o ABSOLUTE
    _printf_f                                0x00000000   Number         0  stubs.o ABSOLUTE
    _printf_flags                            0x00000000   Number         0  stubs.o ABSOLUTE
    _printf_fp_dec                           0x00000000   Number         0  stubs.o ABSOLUTE
    _printf_fp_hex                           0x00000000   Number         0  stubs.o ABSOLUTE
    _printf_g                                0x00000000   Number         0  stubs.o ABSOLUTE
    _printf_i                                0x00000000   Number         0  stubs.o ABSOLUTE
    _printf_int_dec                          0x00000000   Number         0  stubs.o ABSOLUTE
    _printf_l                                0x00000000   Number         0  stubs.o ABSOLUTE
    _printf_lc                               0x00000000   Number         0  stubs.o ABSOLUTE
    _printf_ll                               0x00000000   Number         0  stubs.o ABSOLUTE
    _printf_lld                              0x00000000   Number         0  stubs.o ABSOLUTE
    _printf_lli                              0x00000000   Number         0  stubs.o ABSOLUTE
    _printf_llo                              0x00000000   Number         0  stubs.o ABSOLUTE
    _printf_llu                              0x00000000   Number         0  stubs.o ABSOLUTE
    _printf_llx                              0x00000000   Number         0  stubs.o ABSOLUTE
    _printf_longlong_dec                     0x00000000   Number         0  stubs.o ABSOLUTE
    _printf_longlong_hex                     0x00000000   Number         0  stubs.o ABSOLUTE
    _printf_longlong_oct                     0x00000000   Number         0  stubs.o ABSOLUTE
    _printf_ls                               0x00000000   Number         0  stubs.o ABSOLUTE
    _printf_mbtowc                           0x00000000   Number         0  stubs.o ABSOLUTE
    _printf_n                                0x00000000   Number         0  stubs.o ABSOLUTE
    _printf_o                                0x00000000   Number         0  stubs.o ABSOLUTE
    _printf_p                                0x00000000   Number         0  stubs.o ABSOLUTE
    _printf_percent                          0x00000000   Number         0  stubs.o ABSOLUTE
    _printf_pre_padding                      0x00000000   Number         0  stubs.o ABSOLUTE
    _printf_return_value                     0x00000000   Number         0  stubs.o ABSOLUTE
    _printf_s                                0x00000000   Number         0  stubs.o ABSOLUTE
    _printf_sizespec                         0x00000000   Number         0  stubs.o ABSOLUTE
    _printf_str                              0x00000000   Number         0  stubs.o ABSOLUTE
    _printf_truncate_signed                  0x00000000   Number         0  stubs.o ABSOLUTE
    _printf_truncate_unsigned                0x00000000   Number         0  stubs.o ABSOLUTE
    _printf_u                                0x00000000   Number         0  stubs.o ABSOLUTE
    _printf_wc                               0x00000000   Number         0  stubs.o ABSOLUTE
    _printf_wctomb                           0x00000000   Number         0  stubs.o ABSOLUTE
    _printf_widthprec                        0x00000000   Number         0  stubs.o ABSOLUTE
    _printf_x                                0x00000000   Number         0  stubs.o ABSOLUTE
    __cpp_initialize__aeabi_                  - Undefined Weak Reference
    __cxa_finalize                            - Undefined Weak Reference
    __decompress                              - Undefined Weak Reference
    _clock_init                               - Undefined Weak Reference
    _microlib_exit                            - Undefined Weak Reference
    __Vectors_End                            0x000000c0   Data           0  startup_mkl27z644.o(RESET)
    __Vectors_Size                           0x000000c0   Number         0  startup_mkl27z644.o ABSOLUTE
    __main                                   0x00000411   Thumb Code     0  entry.o(.ARM.Collect$$$$00000000)
    _main_stk                                0x00000411   Thumb Code     0  entry4.o(.ARM.Collect$$$$00000003)
    _main_scatterload                        0x00000415   Thumb Code     0  entry5.o(.ARM.Collect$$$$00000004)
    __main_after_scatterload                 0x00000419   Thumb Code     0  entry5.o(.ARM.Collect$$$$00000004)
    _main_clock                              0x00000419   Thumb Code     0  entry7b.o(.ARM.Collect$$$$00000008)
    _main_cpp_init                           0x00000419   Thumb Code     0  entry8b.o(.ARM.Collect$$$$0000000A)
    _main_init                               0x00000419   Thumb Code     0  entry9a.o(.ARM.Collect$$$$0000000B)
    __rt_final_cpp                           0x00000421   Thumb Code     0  entry10a.o(.ARM.Collect$$$$0000000D)
    __rt_final_exit                          0x00000421   Thumb Code     0  entry11a.o(.ARM.Collect$$$$0000000F)
    Reset_Handler                            0x00000425   Thumb Code    16  startup_mkl27z644.o(.text)
    NMI_Handler                              0x00000435   Thumb Code     2  startup_mkl27z644.o(.text)
    HardFault_Handler                        0x00000437   Thumb Code     2  startup_mkl27z644.o(.text)
    SVC_Handler                              0x00000439   Thumb Code     2  startup_mkl27z644.o(.text)
    PendSV_Handler                           0x0000043b   Thumb Code     2  startup_mkl27z644.o(.text)
    CMP0_IRQHandler                          0x0000043f   Thumb Code     0  startup_mkl27z644.o(.text)
    DMA0_IRQHandler                          0x0000043f   Thumb Code     0  startup_mkl27z644.o(.text)
    DMA1_IRQHandler                          0x0000043f   Thumb Code     0  startup_mkl27z644.o(.text)
    DMA2_IRQHandler                          0x0000043f   Thumb Code     0  startup_mkl27z644.o(.text)
    DMA3_IRQHandler                          0x0000043f   Thumb Code     0  startup_mkl27z644.o(.text)
    DefaultISR                               0x0000043f   Thumb Code     0  startup_mkl27z644.o(.text)
    FTFA_IRQHandler                          0x0000043f   Thumb Code     0  startup_mkl27z644.o(.text)
    I2C0_IRQHandler                          0x0000043f   Thumb Code     0  startup_mkl27z644.o(.text)
    I2C1_IRQHandler                          0x0000043f   Thumb Code     0  startup_mkl27z644.o(.text)
    LLWU_IRQHandler                          0x0000043f   Thumb Code     0  startup_mkl27z644.o(.text)
    LPTMR0_IRQHandler                        0x0000043f   Thumb Code     0  startup_mkl27z644.o(.text)
    LPUART0_IRQHandler                       0x0000043f   Thumb Code     0  startup_mkl27z644.o(.text)
    LPUART1_IRQHandler                       0x0000043f   Thumb Code     0  startup_mkl27z644.o(.text)
    PIT_IRQHandler                           0x0000043f   Thumb Code     0  startup_mkl27z644.o(.text)
    PMC_IRQHandler                           0x0000043f   Thumb Code     0  startup_mkl27z644.o(.text)
    PORTA_IRQHandler                         0x0000043f   Thumb Code     0  startup_mkl27z644.o(.text)
    RTC_IRQHandler                           0x0000043f   Thumb Code     0  startup_mkl27z644.o(.text)
    RTC_Seconds_IRQHandler                   0x0000043f   Thumb Code     0  startup_mkl27z644.o(.text)
    Reserved20_IRQHandler                    0x0000043f   Thumb Code     0  startup_mkl27z644.o(.text)
    Reserved39_IRQHandler                    0x0000043f   Thumb Code     0  startup_mkl27z644.o(.text)
    Reserved41_IRQHandler                    0x0000043f   Thumb Code     0  startup_mkl27z644.o(.text)
    Reserved42_IRQHandler                    0x0000043f   Thumb Code     0  startup_mkl27z644.o(.text)
    Reserved43_IRQHandler                    0x0000043f   Thumb Code     0  startup_mkl27z644.o(.text)
    Reserved45_IRQHandler                    0x0000043f   Thumb Code     0  startup_mkl27z644.o(.text)
    SPI0_IRQHandler                          0x0000043f   Thumb Code     0  startup_mkl27z644.o(.text)
    SPI1_IRQHandler                          0x0000043f   Thumb Code     0  startup_mkl27z644.o(.text)
    UART2_FLEXIO_IRQHandler                  0x0000043f   Thumb Code     0  startup_mkl27z644.o(.text)
    USB0_IRQHandler                          0x0000043f   Thumb Code     0  startup_mkl27z644.o(.text)
    __aeabi_uidiv                            0x00000455   Thumb Code     0  uidiv.o(.text)
    __aeabi_uidivmod                         0x00000455   Thumb Code    44  uidiv.o(.text)
    __aeabi_uldivmod                         0x00000481   Thumb Code    96  uldiv.o(.text)
    __aeabi_memcpy                           0x000004e1   Thumb Code    36  memcpya.o(.text)
    __aeabi_memcpy4                          0x000004e1   Thumb Code     0  memcpya.o(.text)
    __aeabi_memcpy8                          0x000004e1   Thumb Code     0  memcpya.o(.text)
    __aeabi_memset                           0x00000505   Thumb Code    14  memseta.o(.text)
    __aeabi_memset4                          0x00000505   Thumb Code     0  memseta.o(.text)
    __aeabi_memset8                          0x00000505   Thumb Code     0  memseta.o(.text)
    __aeabi_memclr                           0x00000513   Thumb Code     4  memseta.o(.text)
    __aeabi_memclr4                          0x00000513   Thumb Code     0  memseta.o(.text)
    __aeabi_memclr8                          0x00000513   Thumb Code     0  memseta.o(.text)
    _memset$wrapper                          0x00000517   Thumb Code    18  memseta.o(.text)
    __aeabi_dadd                             0x00000529   Thumb Code   328  dadd.o(.text)
    __aeabi_dsub                             0x00000671   Thumb Code    12  dadd.o(.text)
    __aeabi_drsub                            0x0000067d   Thumb Code    12  dadd.o(.text)
    __aeabi_dmul                             0x0000068d   Thumb Code   202  dmul.o(.text)
    __aeabi_d2iz                             0x0000075d   Thumb Code    62  dfixi.o(.text)
    __aeabi_cdcmpeq                          0x000007a5   Thumb Code     0  cdcmple.o(.text)
    __aeabi_cdcmple                          0x000007a5   Thumb Code    38  cdcmple.o(.text)
    __aeabi_cdrcmple                         0x000007cd   Thumb Code    38  cdrcmple.o(.text)
    __aeabi_llsl                             0x000007f5   Thumb Code    32  llshl.o(.text)
    _ll_shift_l                              0x000007f5   Thumb Code     0  llshl.o(.text)
    __aeabi_llsr                             0x00000815   Thumb Code    34  llushr.o(.text)
    _ll_ushift_r                             0x00000815   Thumb Code     0  llushr.o(.text)
    __aeabi_lasr                             0x00000837   Thumb Code    38  llsshr.o(.text)
    _ll_sshift_r                             0x00000837   Thumb Code     0  llsshr.o(.text)
    __I$use$fp                               0x0000085d   Thumb Code     0  iusefp.o(.text)
    _double_round                            0x0000085d   Thumb Code    26  depilogue.o(.text)
    _double_epilogue                         0x00000877   Thumb Code   164  depilogue.o(.text)
    __scatterload                            0x0000091d   Thumb Code    28  init.o(.text)
    __scatterload_rt2                        0x0000091d   Thumb Code     0  init.o(.text)
    ADC0_IRQHandler                          0x00000941   Thumb Code     2  events.o(i.ADC0_IRQHandler)
    ADC16_DRV_ConfigConvChn                  0x00000945   Thumb Code    54  fsl_adc16_driver.o(i.ADC16_DRV_ConfigConvChn)
    ADC16_DRV_Init                           0x000009d5   Thumb Code    68  fsl_adc16_driver.o(i.ADC16_DRV_Init)
    ADC16_HAL_ConfigChn                      0x00000a75   Thumb Code    60  fsl_adc16_hal.o(i.ADC16_HAL_ConfigChn)
    ADC16_HAL_ConfigConverter                0x00000b15   Thumb Code   166  fsl_adc16_hal.o(i.ADC16_HAL_ConfigConverter)
    ADC16_HAL_Init                           0x00000bbb   Thumb Code    16  fsl_adc16_hal.o(i.ADC16_HAL_Init)
    CLOCK_HAL_GetInternalRefClk              0x00000bdd   Thumb Code    36  fsl_mcglite_hal.o(i.CLOCK_HAL_GetInternalRefClk)
    CLOCK_HAL_GetLircClk                     0x00000c09   Thumb Code    54  fsl_mcglite_hal.o(i.CLOCK_HAL_GetLircClk)
    CLOCK_HAL_GetOutClk                      0x00000c49   Thumb Code    58  fsl_mcglite_hal.o(i.CLOCK_HAL_GetOutClk)
    CLOCK_SYS_EnableAdcClock                 0x00000ca9   Thumb Code    34  fsl_clock_mkl27z644.o(i.CLOCK_SYS_EnableAdcClock)
    CLOCK_SYS_EnablePortClock                0x00000d4d   Thumb Code    34  fsl_clock_mkl27z644.o(i.CLOCK_SYS_EnablePortClock)
    CLOCK_SYS_EnableTpmClock                 0x00000df5   Thumb Code    32  fsl_clock_mkl27z644.o(i.CLOCK_SYS_EnableTpmClock)
    CLOCK_SYS_GetCoreClockFreq               0x00000e99   Thumb Code    26  fsl_clock_mkl27z644.o(i.CLOCK_SYS_GetCoreClockFreq)
    CLOCK_SYS_GetOsc0ExternalRefClockFreq    0x00000ebd   Thumb Code    42  fsl_clock_mkl27z644.o(i.CLOCK_SYS_GetOsc0ExternalRefClockFreq)
    CLOCK_SYS_GetSystickFreq                 0x00000ef1   Thumb Code    28  fsl_clock_manager.o(i.CLOCK_SYS_GetSystickFreq)
    CLOCK_SYS_GetTpmExternalFreq             0x00000f11   Thumb Code    30  fsl_clock_mkl27z644.o(i.CLOCK_SYS_GetTpmExternalFreq)
    CLOCK_SYS_GetTpmFreq                     0x00000f39   Thumb Code    66  fsl_clock_mkl27z644.o(i.CLOCK_SYS_GetTpmFreq)
    Common_Init                              0x00000f91   Thumb Code    78  cpu.o(i.Common_Init)
    Components_Init                          0x00000ff1   Thumb Code   146  cpu.o(i.Components_Init)
    GPIOA_Init                               0x000010ad   Thumb Code    44  gpioa_init.o(i.GPIOA_Init)
    GPIOB_Init                               0x000010dd   Thumb Code    44  gpiob_init.o(i.GPIOB_Init)
    GPIO_DRV_Init                            0x0000110d   Thumb Code    52  fsl_gpio_driver.o(i.GPIO_DRV_Init)
    GPIO_DRV_InputPinInit                    0x00001141   Thumb Code   278  fsl_gpio_driver.o(i.GPIO_DRV_InputPinInit)
    GPIO_DRV_OutputPinInit                   0x0000126d   Thumb Code   162  fsl_gpio_driver.o(i.GPIO_DRV_OutputPinInit)
    GPIO_HAL_SetPinDir                       0x000013a1   Thumb Code    64  fsl_gpio_hal.o(i.GPIO_HAL_SetPinDir)
    GPIO_HAL_WritePinOutput                  0x000014c1   Thumb Code    44  fsl_gpio_hal.o(i.GPIO_HAL_WritePinOutput)
    OSA_Init                                 0x00001819   Thumb Code    14  fsl_os_abstraction_bm.o(i.OSA_Init)
    OSA_TimeInit                             0x00001829   Thumb Code   102  osa1.o(i.OSA_TimeInit)
    PEX_components_init                      0x000018c1   Thumb Code    16  pe_low_level_init.o(i.PEX_components_init)
    PE_low_level_init                        0x000018d1   Thumb Code    16  pe_low_level_init.o(i.PE_low_level_init)
    PORTBCDE_IRQHandler                      0x000018e1   Thumb Code   276  events.o(i.PORTBCDE_IRQHandler)
    Peripherals_Init                         0x00001b91   Thumb Code    12  peripherals_init.o(i.Peripherals_Init)
    SIM_HAL_GetTpmExternalClkPinSelMode      0x00001bf5   Thumb Code    76  fsl_sim_hal_mkl27z644.o(i.SIM_HAL_GetTpmExternalClkPinSelMode)
    SIM_HAL_SetTpmChSrcMode                  0x00001ca1   Thumb Code    64  fsl_sim_hal_mkl27z644.o(i.SIM_HAL_SetTpmChSrcMode)
    SysTick_Handler                          0x00001d45   Thumb Code    12  osa1.o(i.SysTick_Handler)
    SystemInit                               0x00001d55   Thumb Code   128  system_mkl27z644.o(i.SystemInit)
    TPM0_IRQHandler                          0x00001dfd   Thumb Code   190  events.o(i.TPM0_IRQHandler)
    TPM1_IRQHandler                          0x00001ef5   Thumb Code    10  events.o(i.TPM1_IRQHandler)
    TPM2_IRQHandler                          0x00001f01   Thumb Code   146  events.o(i.TPM2_IRQHandler)
    TPM_DRV_CounterStart                     0x00001fb5   Thumb Code   142  fsl_tpm_driver.o(i.TPM_DRV_CounterStart)
    TPM_DRV_GetClock                         0x000020a1   Thumb Code   106  fsl_tpm_driver.o(i.TPM_DRV_GetClock)
    TPM_DRV_IRQHandler                       0x00002165   Thumb Code   140  fsl_tpm_driver.o(i.TPM_DRV_IRQHandler)
    TPM_DRV_Init                             0x000021fd   Thumb Code   188  fsl_tpm_driver.o(i.TPM_DRV_Init)
    TPM_DRV_InputCaptureEnable               0x0000231d   Thumb Code   116  fsl_tpm_driver.o(i.TPM_DRV_InputCaptureEnable)
    TPM_DRV_PwmStart                         0x000023e9   Thumb Code   262  fsl_tpm_driver.o(i.TPM_DRV_PwmStart)
    TPM_DRV_SetChnIntCmd                     0x00002599   Thumb Code   110  fsl_tpm_driver.o(i.TPM_DRV_SetChnIntCmd)
    TPM_DRV_SetClock                         0x0000265d   Thumb Code    54  fsl_tpm_driver.o(i.TPM_DRV_SetClock)
    TPM_DRV_SetTimeOverflowIntCmd            0x000026ed   Thumb Code    58  fsl_tpm_driver.o(i.TPM_DRV_SetTimeOverflowIntCmd)
    TPM_HAL_DisableChn                       0x000027b9   Thumb Code    18  fsl_tpm_hal.o(i.TPM_HAL_DisableChn)
    TPM_HAL_EnablePwmMode                    0x000027cd   Thumb Code   202  fsl_tpm_hal.o(i.TPM_HAL_EnablePwmMode)
    TPM_HAL_Reset                            0x000028f5   Thumb Code    48  fsl_tpm_hal.o(i.TPM_HAL_Reset)
    TPM_HAL_SetClockMode                     0x00002ab1   Thumb Code    44  fsl_tpm_hal.o(i.TPM_HAL_SetClockMode)
    __0printf$3                              0x00002b55   Thumb Code    24  printf3.o(i.__0printf$3)
    __1printf$3                              0x00002b55   Thumb Code     0  printf3.o(i.__0printf$3)
    __2printf                                0x00002b55   Thumb Code     0  printf3.o(i.__0printf$3)
    __ARM_clz                                0x00002b75   Thumb Code    46  depilogue.o(i.__ARM_clz)
    __ARM_common_ll_muluu                    0x00002ba3   Thumb Code    48  osa1.o(i.__ARM_common_ll_muluu)
    __aeabi_assert                           0x00002bd5   Thumb Code    22  fsl_misc_utilities.o(i.__aeabi_assert)
    __scatterload_copy                       0x00002c0d   Thumb Code    14  handlers.o(i.__scatterload_copy)
    __scatterload_null                       0x00002c1b   Thumb Code     2  handlers.o(i.__scatterload_null)
    __scatterload_zeroinit                   0x00002c1d   Thumb Code    14  handlers.o(i.__scatterload_zeroinit)
    controllers_forgeneration_custom         0x00002df9   Thumb Code  2958  controllers_forgeneration.o(i.controllers_forgeneration_custom)
    controllers_forgeneration_initialize     0x000039c1   Thumb Code    20  controllers_forgeneration.o(i.controllers_forgeneration_initialize)
    fputc                                    0x000039dd   Thumb Code    32  fsl_debug_console.o(i.fputc)
    hardware_init                            0x00003a01   Thumb Code   116  hardware_init.o(i.hardware_init)
    init_adc_pins                            0x00003a7d   Thumb Code    68  pin_init.o(i.init_adc_pins)
    init_coredebug_pins                      0x00003ad1   Thumb Code    26  pin_init.o(i.init_coredebug_pins)
    init_data_bss                            0x00003af1   Thumb Code    54  startup.o(i.init_data_bss)
    init_gpio_pins                           0x00003b39   Thumb Code   150  pin_init.o(i.init_gpio_pins)
    init_llwu_pins                           0x00003bdd   Thumb Code    36  pin_init.o(i.init_llwu_pins)
    init_osc_pins                            0x00003c05   Thumb Code    26  pin_init.o(i.init_osc_pins)
    init_rcm_pins                            0x00003c25   Thumb Code    16  pin_init.o(i.init_rcm_pins)
    init_rtc_pins                            0x00003c39   Thumb Code    36  pin_init.o(i.init_rtc_pins)
    init_tpm_pins                            0x00003c61   Thumb Code    94  pin_init.o(i.init_tpm_pins)
    main                                     0x00003ccd   Thumb Code    12  main.o(i.main)
    task_init                                0x00003cd9   Thumb Code    54  fsl_os_abstraction_bm.o(i.task_init)
    g_simBase                                0x00003d2c   Data           4  fsl_clock_manager_common.o(.constdata)
    g_mcgBase                                0x00003d30   Data           4  fsl_clock_manager_common.o(.constdata)
    g_oscBase                                0x00003d34   Data           4  fsl_clock_manager_common.o(.constdata)
    g_tpmBase                                0x00003d38   Data          12  fsl_tpm_common.o(.constdata)
    g_tpmIrqId                               0x00003d44   Data           3  fsl_tpm_common.o(.constdata)
    g_tpmChannelCount                        0x00003d48   Data          12  fsl_tpm_hal.o(.constdata)
    tpmTmr1_InitConfig0                      0x00003d54   Data           6  tpmtmr1.o(.constdata)
    controllers_forgeneration_M              0x00003d5c   Data           4  controllers_forgeneration.o(.constdata)
    controllers_forgeneratio_ConstP          0x00003e50   Data         480  controllers_forgeneration_data.o(.constdata)
    tpmTmr2_InitConfig0                      0x00004030   Data           6  tpmtmr2.o(.constdata)
    tpmTmr3_InitConfig0                      0x00004036   Data           6  tpmtmr3.o(.constdata)
    g_gpioBase                               0x0000403c   Data          20  fsl_gpio_common.o(.constdata)
    g_portBase                               0x00004050   Data          20  fsl_gpio_common.o(.constdata)
    g_portIrqId                              0x00004064   Data           5  fsl_gpio_common.o(.constdata)
    gpio4_InpConfig0                         0x0000406c   Data          24  gpio4.o(.constdata)
    gpio4_OutConfig0                         0x00004084   Data          12  gpio4.o(.constdata)
    adConv1_InitConfig0                      0x00004090   Data          12  adconv1.o(.constdata)
    adConv1_HwConfig0                        0x0000409c   Data           8  adconv1.o(.constdata)
    adConv1_ChnConfig0                       0x000040a4   Data           3  adconv1.o(.constdata)
    g_adcBase                                0x000040a8   Data           4  fsl_adc16_common.o(.constdata)
    g_adcIrqId                               0x000040ac   Data           1  fsl_adc16_common.o(.constdata)
    Region$$Table$$Base                      0x000040b0   Number         0  anon$$obj.o(Region$$Table)
    Region$$Table$$Limit                     0x000040d0   Number         0  anon$$obj.o(Region$$Table)
    Image$$VECTOR_RAM$$Base                  0x1ffff000   Number         0  anon$$obj.o ABSOLUTE
    Image$$RW_m_data$$Base                   0x1ffff200   Number         0  anon$$obj.o ABSOLUTE
    mode                                     0x1ffff200   Data           8  events.o(.data)
    wc                                       0x1ffff208   Data          16  events.o(.data)
    actuator_pos                             0x1ffff218   Data          16  events.o(.data)
    actuator_speed                           0x1ffff228   Data          16  events.o(.data)
    result                                   0x1ffff238   Data           8  events.o(.data)
    element                                  0x1ffff240   Data           4  events.o(.data)
    counter                                  0x1ffff244   Data           4  events.o(.data)
    adc_val                                  0x1ffff248   Data           4  events.o(.data)
    dutyC                                    0x1ffff24c   Data           4  events.o(.data)
    new_captureValue                         0x1ffff250   Data           4  events.o(.data)
    old_captureValue                         0x1ffff254   Data           4  events.o(.data)
    time                                     0x1ffff258   Data           4  events.o(.data)
    TPM0_second_tick_value                   0x1ffff25c   Data           4  events.o(.data)
    TPM0_first_tick_value                    0x1ffff260   Data           4  events.o(.data)
    tpm0_IRQ_time                            0x1ffff264   Data           4  events.o(.data)
    TPM2_second_tick_value                   0x1ffff268   Data           4  events.o(.data)
    TPM2_first_tick_value                    0x1ffff26c   Data           4  events.o(.data)
    tpm2_IRQ_time                            0x1ffff270   Data           4  events.o(.data)
    PORTBCDE_second_tick_value               0x1ffff274   Data           4  events.o(.data)
    PORTBCDE_first_tick_value                0x1ffff278   Data           4  events.o(.data)
    PORTBCDE_IRQ_time                        0x1ffff27c   Data           4  events.o(.data)
    gpio3_input_value                        0x1ffff280   Data           4  events.o(.data)
    gpio4_input_value                        0x1ffff284   Data           4  events.o(.data)
    valve_count                              0x1ffff288   Data           4  events.o(.data)
    g_tpmClkFreq                             0x1ffff28c   Data           8  fsl_clock_mkl27z644.o(.data)
    g_usbClkInFreq                           0x1ffff294   Data           4  fsl_clock_mkl27z644.o(.data)
    __stdout                                 0x1ffff29c   Data           4  fsl_debug_console.o(.data)
    __stdin                                  0x1ffff2a0   Data           4  fsl_debug_console.o(.data)
    g_xtal0ClkFreq                           0x1ffff2a4   Data           4  fsl_mcglite_hal.o(.data)
    g_xtalRtcClkFreq                         0x1ffff2a8   Data           4  fsl_mcglite_hal.o(.data)
    controllers_forgeneration_M_             0x1ffff2b8   Data           4  controllers_forgeneration.o(.data)
    tpmTmr2_ChnConfig0                       0x1ffff2bc   Data          12  tpmtmr2.o(.data)
    controllers_forgeneration_DW             0x1ffff338   Data          96  controllers_forgeneration.o(.bss)
    Image$$ARM_LIB_HEAP$$ZI$$Base            0x1ffff398   Number         0  anon$$obj.o ABSOLUTE
    Image$$ARM_LIB_HEAP$$ZI$$Limit           0x1ffff398   Number         0  anon$$obj.o ABSOLUTE
    Image$$ARM_LIB_STACK$$ZI$$Limit          0x20003000   Number         0  anon$$obj.o ABSOLUTE



==============================================================================

Memory Map of the image

  Image Entry point : 0x00000411

  Load Region LR_m_text (Base: 0x00000410, Size: 0x00003d88, Max: 0x0000fbf0, ABSOLUTE)

    Execution Region ER_m_text (Base: 0x00000410, Size: 0x00003cc0, Max: 0x0000fbf0, ABSOLUTE)

    Base Addr    Size         Type   Attr      Idx    E Section Name        Object

    0x00000410   0x00000000   Code   RO         3091  * .ARM.Collect$$$$00000000  mc_p.l(entry.o)
    0x00000410   0x00000004   Code   RO         3409    .ARM.Collect$$$$00000003  mc_p.l(entry4.o)
    0x00000414   0x00000004   Code   RO         3412    .ARM.Collect$$$$00000004  mc_p.l(entry5.o)
    0x00000418   0x00000000   Code   RO         3414    .ARM.Collect$$$$00000008  mc_p.l(entry7b.o)
    0x00000418   0x00000000   Code   RO         3416    .ARM.Collect$$$$0000000A  mc_p.l(entry8b.o)
    0x00000418   0x00000008   Code   RO         3417    .ARM.Collect$$$$0000000B  mc_p.l(entry9a.o)
    0x00000420   0x00000000   Code   RO         3419    .ARM.Collect$$$$0000000D  mc_p.l(entry10a.o)
    0x00000420   0x00000000   Code   RO         3421    .ARM.Collect$$$$0000000F  mc_p.l(entry11a.o)
    0x00000420   0x00000004   Code   RO         3410    .ARM.Collect$$$$00002714  mc_p.l(entry4.o)
    0x00000424   0x00000030   Code   RO            5    .text               startup_mkl27z644.o
    0x00000454   0x0000002c   Code   RO         3094    .text               mc_p.l(uidiv.o)
    0x00000480   0x00000060   Code   RO         3098    .text               mc_p.l(uldiv.o)
    0x000004e0   0x00000024   Code   RO         3100    .text               mc_p.l(memcpya.o)
    0x00000504   0x00000024   Code   RO         3102    .text               mc_p.l(memseta.o)
    0x00000528   0x00000164   Code   RO         3399    .text               mf_p.l(dadd.o)
    0x0000068c   0x000000d0   Code   RO         3401    .text               mf_p.l(dmul.o)
    0x0000075c   0x00000048   Code   RO         3403    .text               mf_p.l(dfixi.o)
    0x000007a4   0x00000028   Code   RO         3405    .text               mf_p.l(cdcmple.o)
    0x000007cc   0x00000028   Code   RO         3407    .text               mf_p.l(cdrcmple.o)
    0x000007f4   0x00000020   Code   RO         3423    .text               mc_p.l(llshl.o)
    0x00000814   0x00000022   Code   RO         3425    .text               mc_p.l(llushr.o)
    0x00000836   0x00000026   Code   RO         3427    .text               mc_p.l(llsshr.o)
    0x0000085c   0x00000000   Code   RO         3431    .text               mc_p.l(iusefp.o)
    0x0000085c   0x000000be   Code   RO         3432    .text               mf_p.l(depilogue.o)
    0x0000091a   0x00000002   PAD
    0x0000091c   0x00000024   Code   RO         3440    .text               mc_p.l(init.o)
    0x00000940   0x00000002   Code   RO          185    i.ADC0_IRQHandler   events.o
    0x00000942   0x00000002   PAD
    0x00000944   0x00000090   Code   RO         2897    i.ADC16_DRV_ConfigConvChn  fsl_adc16_driver.o
    0x000009d4   0x000000a0   Code   RO         2906    i.ADC16_DRV_Init    fsl_adc16_driver.o
    0x00000a74   0x000000a0   Code   RO         3037    i.ADC16_HAL_ConfigChn  fsl_adc16_hal.o
    0x00000b14   0x000000a6   Code   RO         3038    i.ADC16_HAL_ConfigConverter  fsl_adc16_hal.o
    0x00000bba   0x00000010   Code   RO         3043    i.ADC16_HAL_Init    fsl_adc16_hal.o
    0x00000bca   0x00000002   PAD
    0x00000bcc   0x00000010   Code   RO         1157    i.CLOCK_HAL_GetClkSrcStat  fsl_mcglite_hal.o
    0x00000bdc   0x0000002c   Code   RO         1158    i.CLOCK_HAL_GetInternalRefClk  fsl_mcglite_hal.o
    0x00000c08   0x00000040   Code   RO         1159    i.CLOCK_HAL_GetLircClk  fsl_mcglite_hal.o
    0x00000c48   0x00000048   Code   RO         1161    i.CLOCK_HAL_GetOutClk  fsl_mcglite_hal.o
    0x00000c90   0x00000018   Code   RO          407    i.CLOCK_HAL_GetOutDiv1  fsl_clock_mkl27z644.o
    0x00000ca8   0x000000a4   Code   RO          415    i.CLOCK_SYS_EnableAdcClock  fsl_clock_mkl27z644.o
    0x00000d4c   0x000000a8   Code   RO          418    i.CLOCK_SYS_EnablePortClock  fsl_clock_mkl27z644.o
    0x00000df4   0x000000a4   Code   RO          420    i.CLOCK_SYS_EnableTpmClock  fsl_clock_mkl27z644.o
    0x00000e98   0x00000024   Code   RO          424    i.CLOCK_SYS_GetCoreClockFreq  fsl_clock_mkl27z644.o
    0x00000ebc   0x00000034   Code   RO          433    i.CLOCK_SYS_GetOsc0ExternalRefClockFreq  fsl_clock_mkl27z644.o
    0x00000ef0   0x00000020   Code   RO          689    i.CLOCK_SYS_GetSystickFreq  fsl_clock_manager.o
    0x00000f10   0x00000028   Code   RO          439    i.CLOCK_SYS_GetTpmExternalFreq  fsl_clock_mkl27z644.o
    0x00000f38   0x00000058   Code   RO          440    i.CLOCK_SYS_GetTpmFreq  fsl_clock_mkl27z644.o
    0x00000f90   0x00000060   Code   RO           13    i.Common_Init       cpu.o
    0x00000ff0   0x000000bc   Code   RO           14    i.Components_Init   cpu.o
    0x000010ac   0x00000030   Code   RO          296    i.GPIOA_Init        gpioa_init.o
    0x000010dc   0x00000030   Code   RO         2586    i.GPIOB_Init        gpiob_init.o
    0x0000110c   0x00000034   Code   RO         2728    i.GPIO_DRV_Init     fsl_gpio_driver.o
    0x00001140   0x0000012c   Code   RO         2729    i.GPIO_DRV_InputPinInit  fsl_gpio_driver.o
    0x0000126c   0x000000e0   Code   RO         2731    i.GPIO_DRV_OutputPinInit  fsl_gpio_driver.o
    0x0000134c   0x00000054   Code   RO          186    i.GPIO_HAL_ClearPinOutput  events.o
    0x000013a0   0x00000078   Code   RO          952    i.GPIO_HAL_SetPinDir  fsl_gpio_hal.o
    0x00001418   0x00000054   Code   RO          187    i.GPIO_HAL_SetPinOutput  events.o
    0x0000146c   0x00000054   Code   RO          188    i.GPIO_HAL_TogglePinOutput  events.o
    0x000014c0   0x00000064   Code   RO          953    i.GPIO_HAL_WritePinOutput  fsl_gpio_hal.o
    0x00001524   0x000000ac   Code   RO         2357    i.INT_SYS_EnableIRQ  fsl_tpm_driver.o
    0x000015d0   0x000000ac   Code   RO         2737    i.INT_SYS_EnableIRQ  fsl_gpio_driver.o
    0x0000167c   0x000000ac   Code   RO         2917    i.INT_SYS_EnableIRQ  fsl_adc16_driver.o
    0x00001728   0x00000078   Code   RO           15    i.NVIC_SetPriority  cpu.o
    0x000017a0   0x00000078   Code   RO         2030    i.NVIC_SetPriority  osa1.o
    0x00001818   0x0000000e   Code   RO         1295    i.OSA_Init          fsl_os_abstraction_bm.o
    0x00001826   0x00000002   PAD
    0x00001828   0x00000098   Code   RO         2033    i.OSA_TimeInit      osa1.o
    0x000018c0   0x00000010   Code   RO          331    i.PEX_components_init  pe_low_level_init.o
    0x000018d0   0x00000010   Code   RO          332    i.PE_low_level_init  pe_low_level_init.o
    0x000018e0   0x00000138   Code   RO          189    i.PORTBCDE_IRQHandler  events.o
    0x00001a18   0x00000060   Code   RO         2088    i.PORT_HAL_SetMuxMode  pin_init.o
    0x00001a78   0x00000060   Code   RO         2738    i.PORT_HAL_SetMuxMode  fsl_gpio_driver.o
    0x00001ad8   0x0000005c   Code   RO         2089    i.PORT_HAL_SetPullCmd  pin_init.o
    0x00001b34   0x0000005c   Code   RO         2090    i.PORT_HAL_SetPullMode  pin_init.o
    0x00001b90   0x0000000c   Code   RO          366    i.Peripherals_Init  peripherals_init.o
    0x00001b9c   0x0000002c   Code   RO          446    i.SIM_HAL_EnableClock  fsl_clock_mkl27z644.o
    0x00001bc8   0x0000002c   Code   RO         1973    i.SIM_HAL_EnableClock  hardware_init.o
    0x00001bf4   0x000000ac   Code   RO         1692    i.SIM_HAL_GetTpmExternalClkPinSelMode  fsl_sim_hal_mkl27z644.o
    0x00001ca0   0x000000a4   Code   RO         1697    i.SIM_HAL_SetTpmChSrcMode  fsl_sim_hal_mkl27z644.o
    0x00001d44   0x00000010   Code   RO         2034    i.SysTick_Handler   osa1.o
    0x00001d54   0x000000a8   Code   RO         2308    i.SystemInit        system_mkl27z644.o
    0x00001dfc   0x000000f8   Code   RO          190    i.TPM0_IRQHandler   events.o
    0x00001ef4   0x0000000a   Code   RO          191    i.TPM1_IRQHandler   events.o
    0x00001efe   0x00000002   PAD
    0x00001f00   0x000000b4   Code   RO          192    i.TPM2_IRQHandler   events.o
    0x00001fb4   0x000000ec   Code   RO         2359    i.TPM_DRV_CounterStart  fsl_tpm_driver.o
    0x000020a0   0x000000c4   Code   RO         2363    i.TPM_DRV_GetClock  fsl_tpm_driver.o
    0x00002164   0x00000098   Code   RO         2364    i.TPM_DRV_IRQHandler  fsl_tpm_driver.o
    0x000021fc   0x00000120   Code   RO         2365    i.TPM_DRV_Init      fsl_tpm_driver.o
    0x0000231c   0x000000cc   Code   RO         2366    i.TPM_DRV_InputCaptureEnable  fsl_tpm_driver.o
    0x000023e8   0x000001b0   Code   RO         2368    i.TPM_DRV_PwmStart  fsl_tpm_driver.o
    0x00002598   0x000000c4   Code   RO         2370    i.TPM_DRV_SetChnIntCmd  fsl_tpm_driver.o
    0x0000265c   0x00000090   Code   RO         2371    i.TPM_DRV_SetClock  fsl_tpm_driver.o
    0x000026ec   0x00000040   Code   RO         2372    i.TPM_DRV_SetTimeOverflowIntCmd  fsl_tpm_driver.o
    0x0000272c   0x0000007c   Code   RO         2373    i.TPM_HAL_ClearChnInt  fsl_tpm_driver.o
    0x000027a8   0x00000010   Code   RO         2374    i.TPM_HAL_ClearCounter  fsl_tpm_driver.o
    0x000027b8   0x00000012   Code   RO         2517    i.TPM_HAL_DisableChn  fsl_tpm_hal.o
    0x000027ca   0x00000002   PAD
    0x000027cc   0x00000128   Code   RO         2518    i.TPM_HAL_EnablePwmMode  fsl_tpm_hal.o
    0x000028f4   0x00000034   Code   RO         2519    i.TPM_HAL_Reset     fsl_tpm_hal.o
    0x00002928   0x00000080   Code   RO         2375    i.TPM_HAL_SetChnCountVal  fsl_tpm_driver.o
    0x000029a8   0x00000084   Code   RO         2376    i.TPM_HAL_SetChnMsnbaElsnbaVal  fsl_tpm_driver.o
    0x00002a2c   0x00000084   Code   RO         2520    i.TPM_HAL_SetChnMsnbaElsnbaVal  fsl_tpm_hal.o
    0x00002ab0   0x0000002c   Code   RO         2521    i.TPM_HAL_SetClockMode  fsl_tpm_hal.o
    0x00002adc   0x0000005c   Code   RO         2377    i.TPM_HAL_SetCpwms  fsl_tpm_driver.o
    0x00002b38   0x0000001c   Code   RO         2378    i.TPM_HAL_SetMod    fsl_tpm_driver.o
    0x00002b54   0x00000020   Code   RO         3197    i.__0printf$3       mc_p.l(printf3.o)
    0x00002b74   0x0000002e   Code   RO         3434    i.__ARM_clz         mf_p.l(depilogue.o)
    0x00002ba2   0x00000030   Code   RO         2070    i.__ARM_common_ll_muluu  osa1.o
    0x00002bd2   0x00000002   PAD
    0x00002bd4   0x00000038   Code   RO         1257    i.__aeabi_assert    fsl_misc_utilities.o
    0x00002c0c   0x0000000e   Code   RO         3444    i.__scatterload_copy  mc_p.l(handlers.o)
    0x00002c1a   0x00000002   Code   RO         3445    i.__scatterload_null  mc_p.l(handlers.o)
    0x00002c1c   0x0000000e   Code   RO         3446    i.__scatterload_zeroinit  mc_p.l(handlers.o)
    0x00002c2a   0x00000002   PAD
    0x00002c2c   0x000001cc   Code   RO         3204    i._printf_core      mc_p.l(printf3.o)
    0x00002df8   0x00000bc8   Code   RO         2604    i.controllers_forgeneration_custom  controllers_forgeneration.o
    0x000039c0   0x0000001c   Code   RO         2605    i.controllers_forgeneration_initialize  controllers_forgeneration.o
    0x000039dc   0x00000024   Code   RO          851    i.fputc             fsl_debug_console.o
    0x00003a00   0x0000007c   Code   RO         1974    i.hardware_init     hardware_init.o
    0x00003a7c   0x00000054   Code   RO         2099    i.init_adc_pins     pin_init.o
    0x00003ad0   0x00000020   Code   RO         2100    i.init_coredebug_pins  pin_init.o
    0x00003af0   0x00000048   Code   RO         2265    i.init_data_bss     startup.o
    0x00003b38   0x000000a4   Code   RO         2101    i.init_gpio_pins    pin_init.o
    0x00003bdc   0x00000028   Code   RO         2102    i.init_llwu_pins    pin_init.o
    0x00003c04   0x00000020   Code   RO         2103    i.init_osc_pins     pin_init.o
    0x00003c24   0x00000014   Code   RO         2104    i.init_rcm_pins     pin_init.o
    0x00003c38   0x00000028   Code   RO         2105    i.init_rtc_pins     pin_init.o
    0x00003c60   0x0000006c   Code   RO         2106    i.init_tpm_pins     pin_init.o
    0x00003ccc   0x0000000c   Code   RO         2007    i.main              main.o
    0x00003cd8   0x00000044   Code   RO         1324    i.task_init         fsl_os_abstraction_bm.o
    0x00003d1c   0x0000000d   Data   RO          448    .constdata          fsl_clock_mkl27z644.o
    0x00003d29   0x00000003   PAD
    0x00003d2c   0x0000000c   Data   RO          820    .constdata          fsl_clock_manager_common.o
    0x00003d38   0x0000000f   Data   RO         2339    .constdata          fsl_tpm_common.o
    0x00003d47   0x00000001   PAD
    0x00003d48   0x0000000c   Data   RO         2522    .constdata          fsl_tpm_hal.o
    0x00003d54   0x00000006   Data   RO         2566    .constdata          tpmtmr1.o
    0x00003d5a   0x00000002   PAD
    0x00003d5c   0x000000f4   Data   RO         2608    .constdata          controllers_forgeneration.o
    0x00003e50   0x000001e0   Data   RO         2649    .constdata          controllers_forgeneration_data.o
    0x00004030   0x00000006   Data   RO         2667    .constdata          tpmtmr2.o
    0x00004036   0x00000006   Data   RO         2688    .constdata          tpmtmr3.o
    0x0000403c   0x0000002d   Data   RO         2708    .constdata          fsl_gpio_common.o
    0x00004069   0x00000003   PAD
    0x0000406c   0x00000024   Data   RO         2840    .constdata          gpio4.o
    0x00004090   0x00000017   Data   RO         2860    .constdata          adconv1.o
    0x000040a7   0x00000001   PAD
    0x000040a8   0x00000005   Data   RO         2880    .constdata          fsl_adc16_common.o
    0x000040ad   0x00000003   PAD
    0x000040b0   0x00000020   Data   RO         3442    Region$$Table       anon$$obj.o


    Execution Region RW_m_data (Base: 0x1ffff200, Size: 0x00000198, Max: 0x00003a00, ABSOLUTE)

    Base Addr    Size         Type   Attr      Idx    E Section Name        Object

    0x1ffff200   0x0000008c   Data   RW          193    .data               events.o
    0x1ffff28c   0x0000000e   Data   RW          449    .data               fsl_clock_mkl27z644.o
    0x1ffff29a   0x00000002   PAD
    0x1ffff29c   0x00000008   Data   RW          854    .data               fsl_debug_console.o
    0x1ffff2a4   0x00000008   Data   RW         1163    .data               fsl_mcglite_hal.o
    0x1ffff2ac   0x00000008   Data   RW         1326    .data               fsl_os_abstraction_bm.o
    0x1ffff2b4   0x00000002   Data   RW         2035    .data               osa1.o
    0x1ffff2b6   0x00000001   Data   RW         2380    .data               fsl_tpm_driver.o
    0x1ffff2b7   0x00000001   PAD
    0x1ffff2b8   0x00000004   Data   RW         2609    .data               controllers_forgeneration.o
    0x1ffff2bc   0x0000000c   Data   RW         2668    .data               tpmtmr2.o
    0x1ffff2c8   0x00000010   Zero   RW          852    .bss                fsl_debug_console.o
    0x1ffff2d8   0x00000060   Zero   RW         1325    .bss                fsl_os_abstraction_bm.o
    0x1ffff338   0x00000060   Zero   RW         2607    .bss                controllers_forgeneration.o


    Execution Region ARM_LIB_HEAP (Base: 0x1ffff398, Size: 0x00000000, Max: 0x00000000, ABSOLUTE)

    Base Addr    Size         Type   Attr      Idx    E Section Name        Object

    0x1ffff398   0x00000000   Zero   RW            1    ARM_LIB_HEAP.bss    anon$$obj.o


    Execution Region ARM_LIB_STACK (Base: 0x20002c00, Size: 0x00000400, Max: 0x00000400, ABSOLUTE)

    Base Addr    Size         Type   Attr      Idx    E Section Name        Object

    0x20002c00   0x00000400   Zero   RW            2    ARM_LIB_STACK.bss   anon$$obj.o



  Load Region LR_m_interrupts (Base: 0x00000000, Size: 0x000000c0, Max: 0x00000200, ABSOLUTE)

    Execution Region VECTOR_ROM (Base: 0x00000000, Size: 0x000000c0, Max: 0x00000200, ABSOLUTE)

    Base Addr    Size         Type   Attr      Idx    E Section Name        Object

    0x00000000   0x000000c0   Data   RO            3    RESET               startup_mkl27z644.o



  Load Region LR_m_flash_config (Base: 0x00000400, Size: 0x00000010, Max: 0x00000010, ABSOLUTE)

    Execution Region ER_m_flash_config (Base: 0x00000400, Size: 0x00000010, Max: 0x00000010, ABSOLUTE)

    Base Addr    Size         Type   Attr      Idx    E Section Name        Object

    0x00000400   0x00000010   Data   RO            4    FlashConfig         startup_mkl27z644.o



  Load Region LR_m_interrupts_ram (Base: 0x1ffff000, Size: 0x00000000, Max: 0x00000200, ABSOLUTE)

    Execution Region VECTOR_RAM (Base: 0x1ffff000, Size: 0x00000000, Max: 0x00000200, ABSOLUTE)

    **** No section assigned to this execution region ****


==============================================================================

Image component sizes


      Code (inc. data)   RO Data    RW Data    ZI Data      Debug   Object Name

         0          0         23          0          0        651   adconv1.o
      3044        272        244          4         96       8660   controllers_forgeneration.o
         0          0        480          0          0       2221   controllers_forgeneration_data.o
       404         70          0          0          0     268714   cpu.o
      1004        290          0        140          0       9729   events.o
         0          0          5          0          0        647   fsl_adc16_common.o
       476        300          0          0          0      12851   fsl_adc16_driver.o
       342        100          0          0          0       2287   fsl_adc16_hal.o
        32          4          0          0          0        559   fsl_clock_manager.o
         0          0         12          0          0        776   fsl_clock_manager_common.o
       780        462         13         14          0      18015   fsl_clock_mkl27z644.o
        36          4          0          8         16      18137   fsl_debug_console.o
         0          0         45          0          0        704   fsl_gpio_common.o
       844        260          0          0          0      14993   fsl_gpio_driver.o
       220        112          0          0          0       1595   fsl_gpio_hal.o
       196         36          0          8          0       4913   fsl_mcglite_hal.o
        56         34          0          0          0        633   fsl_misc_utilities.o
        82         14          0          8         96       1827   fsl_os_abstraction_bm.o
       336        196          0          0          0       1960   fsl_sim_hal_mkl27z644.o
         0          0         15          0          0        635   fsl_tpm_common.o
      2604       1162          0          1          0      24191   fsl_tpm_driver.o
       542        180         12          0          0       7780   fsl_tpm_hal.o
         0          0         36          0          0        648   gpio4.o
        48          4          0          0          0        437   gpioa_init.o
        48          4          0          0          0        437   gpiob_init.o
       168         14          0          0          0       6816   hardware_init.o
        12          0          0          0          0        399   main.o
       336         64          0          2          0      11721   osa1.o
        32          0          0          0          0        942   pe_low_level_init.o
        12          0          0          0          0        467   peripherals_init.o
       800        232          0          0          0      13648   pin_init.o
        72         18          0          0          0        480   startup.o
        48         18        208          0          0        712   startup_mkl27z644.o
       168         40          0          0          0        529   system_mkl27z644.o
         0          0          6          0          0        530   tpmtmr1.o
         0          0          6         12          0        585   tpmtmr2.o
         0          0          6          0          0        530   tpmtmr3.o

    ----------------------------------------------------------------------
     12754       3890       1156        200       1232     441359   Object Totals
         0          0         32          0       1024          0   (incl. Generated)
        12          0         13          3          0          0   (incl. Padding)

    ----------------------------------------------------------------------

      Code (inc. data)   RO Data    RW Data    ZI Data      Debug   Library Member Name

         0          0          0          0          0          0   entry.o
         0          0          0          0          0          0   entry10a.o
         0          0          0          0          0          0   entry11a.o
         8          4          0          0          0          0   entry4.o
         4          0          0          0          0          0   entry5.o
         0          0          0          0          0          0   entry7b.o
         0          0          0          0          0          0   entry8b.o
         8          4          0          0          0          0   entry9a.o
        30          0          0          0          0          0   handlers.o
        36          8          0          0          0         68   init.o
         0          0          0          0          0          0   iusefp.o
        32          0          0          0          0         68   llshl.o
        38          0          0          0          0         68   llsshr.o
        34          0          0          0          0         68   llushr.o
        36          0          0          0          0         60   memcpya.o
        36          0          0          0          0        100   memseta.o
       492         12          0          0          0        168   printf3.o
        44          0          0          0          0         72   uidiv.o
        96          0          0          0          0         84   uldiv.o
        40          2          0          0          0         68   cdcmple.o
        40          2          0          0          0         68   cdrcmple.o
       356          4          0          0          0        140   dadd.o
       236          0          0          0          0        216   depilogue.o
        72         10          0          0          0         72   dfixi.o
       208          6          0          0          0         88   dmul.o

    ----------------------------------------------------------------------
      1850         52          0          0          0       1408   Library Totals
         4          0          0          0          0          0   (incl. Padding)

    ----------------------------------------------------------------------

      Code (inc. data)   RO Data    RW Data    ZI Data      Debug   Library Name

       894         28          0          0          0        756   mc_p.l
       952         24          0          0          0        652   mf_p.l

    ----------------------------------------------------------------------
      1850         52          0          0          0       1408   Library Totals

    ----------------------------------------------------------------------

==============================================================================


      Code (inc. data)   RO Data    RW Data    ZI Data      Debug   

     14604       3942       1156        200       1232     438327   Grand Totals
     14604       3942       1156        200       1232     438327   ELF Image Totals
     14604       3942       1156        200          0          0   ROM Totals

==============================================================================

    Total RO  Size (Code + RO Data)                15760 (  15.39kB)
    Total RW  Size (RW Data + ZI Data)              1432 (   1.40kB)
    Total ROM Size (Code + RO Data + RW Data)      15960 (  15.59kB)

==============================================================================

