<html>
<body>
<pre>
<h1>µVision Build Log</h1>
<h2>Tool Versions:</h2>
IDE-Version: µVision V5.21.1.0
Copyright (C) 2016 ARM Ltd and ARM Germany GmbH. All rights reserved.
License Information: Hassan Mahmood, KTH, LIC=----
 
Tool Versions:
Toolchain:       MDK-Lite  Version: 5.21a
Toolchain Path:  C:\Keil_v5\ARM\ARMCC\Bin
C Compiler:      Armcc.exe V5.06 update 3 (build 300)
Assembler:       Armasm.exe V5.06 update 3 (build 300)
Linker/Locator:  ArmLink.exe V5.06 update 3 (build 300)
Library Manager: ArmAr.exe V5.06 update 3 (build 300)
Hex Converter:   FromElf.exe V5.06 update 3 (build 300)
CPU DLL:         SARMCM3.DLL V5.21a
Dialog DLL:      DARMCM1.DLL V1.14.0.0
Target DLL:      PEMicro\Pemicro_ArmCortexInterface.dll V1.11
Dialog DLL:      TARMCM1.DLL V1.10.0.0
 
<h2>Project:</h2>
C:\Users\Hassan\workspace.kds\KL27Chainsaw\KL27Chainsaw.uvprojx
Project File Date:  11/26/2016

<h2>Output:</h2>
*** Using Compiler 'V5.06 update 3 (build 300)', folder: 'C:\Keil_v5\ARM\ARMCC\Bin'
Rebuild target 'MKL27Z64xxx4'
assembling startup_MKL27Z644.s...
compiling Cpu.c...
compiling Events.c...
compiling GPIOA_Init.c...
compiling clockMan1.c...
compiling Peripherals_Init.c...
Static_Code\System\Peripherals_Init.c(203): warning:  #1-D: last line of file ends without a newline
  */
Static_Code\System\Peripherals_Init.c: 1 warning, 0 errors
compiling PE_low_level_init.c...
compiling fsl_clock_manager_common.c...
compiling fsl_clock_manager.c...
compiling fsl_clock_MKL27Z644.c...
compiling fsl_interrupt_manager.c...
compiling fsl_gpio_hal.c...
compiling fsl_debug_console.c...
compiling fsl_mcglite_hal.c...
compiling fsl_misc_utilities.c...
compiling fsl_mcglite_hal_modes.c...
compiling fsl_lpuart_hal.c...
compiling fsl_osc_hal.c...
compiling fsl_port_hal.c...
compiling fsl_os_abstraction_bm.c...
compiling fsl_rtc_common.c...
compiling fsl_rtc_hal.c...
compiling fsl_sim_hal_MKL27Z644.c...
compiling hardware_init.c...
compiling fsl_uart_hal.c...
compiling main.c...
Sources\main.c(60): warning:  #223-D: function "controllers_forgeneration_initialize" declared implicitly
  	controllers_forgeneration_initialize();
Sources\main.c(67): warning:  #111-D: statement is unreachable
      
EX_RTOS_START();                  /* Startup of the selected RTOS. Macro is defined by the RTOS component. */
Sources\main.c: 2 warnings, 0 errors
compiling print_scan.c...
compiling pin_init.c...
compiling osa1.c...
compiling startup.c...
compiling system_MKL27Z644.c...
compiling fsl_tpm_common.c...
compiling fsl_tpm_driver.c...
compiling fsl_tpm_hal.c...
compiling controllers_forgeneration.c...
compiling controllers_forgeneration_data.c...
compiling GPIOB_Init.c...
compiling tpmTmr1.c...
compiling fsl_gpio_common.c...
compiling tpmTmr2.c...
compiling tpmTmr3.c...
compiling fsl_gpio_driver.c...
compiling fsl_adc16_common.c...
compiling adConv1.c...
compiling gpio4.c...
compiling fsl_adc16_driver.c...
compiling fsl_adc16_hal.c...
linking...
Program Size: Code=14604 RO-data=1156 RW-data=200 ZI-data=1232  
".\UVBuild\KL27Chainsaw.axf" - 0 Error(s), 3 Warning(s).

<h2>Collection of Component include folders:</h2>
  C:\Users\Hassan\workspace.kds\KL27Chainsaw\RTE
  C:\Keil_v5\ARM\PACK\Keil\Kinetis_KLxx_DFP\1.12.0\Device\Include

<h2>Collection of Component Files used:</h2>
Build Time Elapsed:  00:00:49
</pre>
</body>
</html>
